Archive member included to satisfy reference by file (symbol)

d:\Sundaya\File JS Pro\Ehub V3\code\EHUB V3 tes board\tesBoard\bin\core\core.a(HardwareSerial.cpp.o)
                              d:\Sundaya\File JS Pro\Ehub V3\code\EHUB V3 tes board\tesBoard\bin\sketch\tesBoard.ino.cpp.o (HardwareSerial::HardwareSerial(unsigned long, unsigned long))
d:\Sundaya\File JS Pro\Ehub V3\code\EHUB V3 tes board\tesBoard\bin\core\core.a(HardwareTimer.cpp.o)
                              d:\Sundaya\File JS Pro\Ehub V3\code\EHUB V3 tes board\tesBoard\bin\libraries\SrcWrapper\stm32\analog.cpp.o (HardwareTimer::resume())
d:\Sundaya\File JS Pro\Ehub V3\code\EHUB V3 tes board\tesBoard\bin\core\core.a(Print.cpp.o)
                              d:\Sundaya\File JS Pro\Ehub V3\code\EHUB V3 tes board\tesBoard\bin\libraries\LiquidCrystal_I2C\LiquidCrystal_I2C.cpp.o (Print::write(unsigned char const*, unsigned int))
d:\Sundaya\File JS Pro\Ehub V3\code\EHUB V3 tes board\tesBoard\bin\core\core.a(Stream.cpp.o)
                              d:\Sundaya\File JS Pro\Ehub V3\code\EHUB V3 tes board\tesBoard\bin\libraries\Wire\Wire.cpp.o (Stream::readBytes(char*, unsigned int))
d:\Sundaya\File JS Pro\Ehub V3\code\EHUB V3 tes board\tesBoard\bin\core\core.a(WString.cpp.o)
                              d:\Sundaya\File JS Pro\Ehub V3\code\EHUB V3 tes board\tesBoard\bin\sketch\tesBoard.ino.cpp.o (String::~String())
d:\Sundaya\File JS Pro\Ehub V3\code\EHUB V3 tes board\tesBoard\bin\core\core.a(abi.cpp.o)
                              d:\Sundaya\File JS Pro\Ehub V3\code\EHUB V3 tes board\tesBoard\bin\core\core.a(Print.cpp.o) (__cxa_pure_virtual)
d:\Sundaya\File JS Pro\Ehub V3\code\EHUB V3 tes board\tesBoard\bin\core\core.a(dtostrf.c.o)
                              d:\Sundaya\File JS Pro\Ehub V3\code\EHUB V3 tes board\tesBoard\bin\core\core.a(WString.cpp.o) (dtostrf)
d:\Sundaya\File JS Pro\Ehub V3\code\EHUB V3 tes board\tesBoard\bin\core\core.a(itoa.c.o)
                              d:\Sundaya\File JS Pro\Ehub V3\code\EHUB V3 tes board\tesBoard\bin\core\core.a(WString.cpp.o) (ltoa)
d:\Sundaya\File JS Pro\Ehub V3\code\EHUB V3 tes board\tesBoard\bin\core\core.a(main.cpp.o)
                              c:/users/sangengon/appdata/local/arduino15/packages/stm32/tools/xpack-arm-none-eabi-gcc/9.2.1-1.1/bin/../lib/gcc/arm-none-eabi/9.2.1/../../../../arm-none-eabi/lib/thumb/v7-m/nofp/crt0.o (main)
d:\Sundaya\File JS Pro\Ehub V3\code\EHUB V3 tes board\tesBoard\bin\core\core.a(new.cpp.o)
                              d:\Sundaya\File JS Pro\Ehub V3\code\EHUB V3 tes board\tesBoard\bin\libraries\SrcWrapper\stm32\analog.cpp.o (operator new(unsigned int))
d:\Sundaya\File JS Pro\Ehub V3\code\EHUB V3 tes board\tesBoard\bin\core\core.a(pins_arduino.c.o)
                              d:\Sundaya\File JS Pro\Ehub V3\code\EHUB V3 tes board\tesBoard\bin\core\core.a(HardwareTimer.cpp.o) (pinNametoDigitalPin)
d:\Sundaya\File JS Pro\Ehub V3\code\EHUB V3 tes board\tesBoard\bin\core\core.a(startup_stm32yyxx.S.o)
                              (Reset_Handler)
d:\Sundaya\File JS Pro\Ehub V3\code\EHUB V3 tes board\tesBoard\bin\core\core.a(wiring_digital.c.o)
                              d:\Sundaya\File JS Pro\Ehub V3\code\EHUB V3 tes board\tesBoard\bin\sketch\tesBoard.ino.cpp.o (pinMode)
d:\Sundaya\File JS Pro\Ehub V3\code\EHUB V3 tes board\tesBoard\bin\core\core.a(wiring_time.c.o)
                              d:\Sundaya\File JS Pro\Ehub V3\code\EHUB V3 tes board\tesBoard\bin\sketch\tesBoard.ino.cpp.o (millis)
d:\Sundaya\File JS Pro\Ehub V3\code\EHUB V3 tes board\tesBoard\bin\core\core.a(WSerial.cpp.o)
                              d:\Sundaya\File JS Pro\Ehub V3\code\EHUB V3 tes board\tesBoard\bin\core\core.a(main.cpp.o) (serialEventRun())
d:\Sundaya\File JS Pro\Ehub V3\code\EHUB V3 tes board\tesBoard\bin\core\core.a(board.c.o)
                              d:\Sundaya\File JS Pro\Ehub V3\code\EHUB V3 tes board\tesBoard\bin\core\core.a(main.cpp.o) (init)
d:\Sundaya\File JS Pro\Ehub V3\code\EHUB V3 tes board\tesBoard\bin\core\core.a(hooks.c.o)
                              d:\Sundaya\File JS Pro\Ehub V3\code\EHUB V3 tes board\tesBoard\bin\core\core.a(wiring_time.c.o) (yield)
d:\Sundaya\File JS Pro\Ehub V3\code\EHUB V3 tes board\tesBoard\bin\core\core.a(wiring_analog.c.o)
                              d:\Sundaya\File JS Pro\Ehub V3\code\EHUB V3 tes board\tesBoard\bin\core\core.a(wiring_digital.c.o) (g_anOutputPinConfigured)
c:/users/sangengon/appdata/local/arduino15/packages/stm32/tools/xpack-arm-none-eabi-gcc/9.2.1-1.1/bin/../lib/gcc/arm-none-eabi/9.2.1/../../../../arm-none-eabi/lib/thumb/v7-m/nofp\libc_nano.a(lib_a-atof.o)
                              d:\Sundaya\File JS Pro\Ehub V3\code\EHUB V3 tes board\tesBoard\bin\core\core.a(WString.cpp.o) (atof)
c:/users/sangengon/appdata/local/arduino15/packages/stm32/tools/xpack-arm-none-eabi-gcc/9.2.1-1.1/bin/../lib/gcc/arm-none-eabi/9.2.1/../../../../arm-none-eabi/lib/thumb/v7-m/nofp\libc_nano.a(lib_a-atol.o)
[...]
Memory Configuration

Name             Origin             Length             Attributes
*default*        0x00000000         0xffffffff
RAM              0x20000000         0x00005000         xrw
FLASH            0x08000000         0x00010000         xr

Linker script and memory map

LOAD C:\Users\SangengoN\AppData\Local\Arduino15\packages\STM32\tools\CMSIS\5.5.1/CMSIS/DSP/Lib/GCC/\libarm_cortexM3l_math.a
START GROUP
LOAD d:\Sundaya\File JS Pro\Ehub V3\code\EHUB V3 tes board\tesBoard\bin\sketch\SrcWrapper.cpp.o
LOAD d:\Sundaya\File JS Pro\Ehub V3\code\EHUB V3 tes board\tesBoard\bin\sketch\tesBoard.ino.cpp.o
LOAD d:\Sundaya\File JS Pro\Ehub V3\code\EHUB V3 tes board\tesBoard\bin\libraries\Wire\Wire.cpp.o
LOAD d:\Sundaya\File JS Pro\Ehub V3\code\EHUB V3 tes board\tesBoard\bin\libraries\Wire\utility\twi.c.o
LOAD d:\Sundaya\File JS Pro\Ehub V3\code\EHUB V3 tes board\tesBoard\bin\libraries\LiquidCrystal_I2C\LiquidCrystal_I2C.cpp.o
LOAD d:\Sundaya\File JS Pro\Ehub V3\code\EHUB V3 tes board\tesBoard\bin\libraries\Adafruit_NeoPixel\Adafruit_NeoPixel.cpp.o
LOAD d:\Sundaya\File JS Pro\Ehub V3\code\EHUB V3 tes board\tesBoard\bin\libraries\Adafruit_NeoPixel\esp8266.c.o
LOAD d:\Sundaya\File JS Pro\Ehub V3\code\EHUB V3 tes board\tesBoard\bin\libraries\SimpleTimer-master\SimpleTimer.cpp.o
LOAD d:\Sundaya\File JS Pro\Ehub V3\code\EHUB V3 tes board\tesBoard\bin\libraries\SrcWrapper\HAL\stm32yyxx_hal.c.o
LOAD d:\Sundaya\File JS Pro\Ehub V3\code\EHUB V3 tes board\tesBoard\bin\libraries\SrcWrapper\HAL\stm32yyxx_hal_adc.c.o
LOAD d:\Sundaya\File JS Pro\Ehub V3\code\EHUB V3 tes board\tesBoard\bin\libraries\SrcWrapper\HAL\stm32yyxx_hal_adc_ex.c.o
LOAD d:\Sundaya\File JS Pro\Ehub V3\code\EHUB V3 tes board\tesBoard\bin\libraries\SrcWrapper\HAL\stm32yyxx_hal_can.c.o
LOAD d:\Sundaya\File JS Pro\Ehub V3\code\EHUB V3 tes board\tesBoard\bin\libraries\SrcWrapper\HAL\stm32yyxx_hal_cec.c.o
LOAD d:\Sundaya\File JS Pro\Ehub V3\code\EHUB V3 tes board\tesBoard\bin\libraries\SrcWrapper\HAL\stm32yyxx_hal_comp.c.o
LOAD d:\Sundaya\File JS Pro\Ehub V3\code\EHUB V3 tes board\tesBoard\bin\libraries\SrcWrapper\HAL\stm32yyxx_hal_comp_ex.c.o
LOAD d:\Sundaya\File JS Pro\Ehub V3\code\EHUB V3 tes board\tesBoard\bin\libraries\SrcWrapper\HAL\stm32yyxx_hal_cordic.c.o
LOAD d:\Sundaya\File JS Pro\Ehub V3\code\EHUB V3 tes board\tesBoard\bin\libraries\SrcWrapper\HAL\stm32yyxx_hal_cortex.c.o
LOAD d:\Sundaya\File JS Pro\Ehub V3\code\EHUB V3 tes board\tesBoard\bin\libraries\SrcWrapper\HAL\stm32yyxx_hal_crc.c.o
LOAD d:\Sundaya\File JS Pro\Ehub V3\code\EHUB V3 tes board\tesBoard\bin\libraries\SrcWrapper\HAL\stm32yyxx_hal_crc_ex.c.o
LOAD d:\Sundaya\File JS Pro\Ehub V3\code\EHUB V3 tes board\tesBoard\bin\libraries\SrcWrapper\HAL\stm32yyxx_hal_cryp.c.o
LOAD d:\Sundaya\File JS Pro\Ehub V3\code\EHUB V3 tes board\tesBoard\bin\libraries\SrcWrapper\HAL\stm32yyxx_hal_cryp_ex.c.o
LOAD d:\Sundaya\File JS Pro\Ehub V3\code\EHUB V3 tes board\tesBoard\bin\libraries\SrcWrapper\HAL\stm32yyxx_hal_dac.c.o
LOAD d:\Sundaya\File JS Pro\Ehub V3\code\EHUB V3 tes board\tesBoard\bin\libraries\SrcWrapper\HAL\stm32yyxx_hal_dac_ex.c.o
LOAD d:\Sundaya\File JS Pro\Ehub V3\code\EHUB V3 tes board\tesBoard\bin\libraries\SrcWrapper\HAL\stm32yyxx_hal_dcmi.c.o
LOAD d:\Sundaya\File JS Pro\Ehub V3\code\EHUB V3 tes board\tesBoard\bin\libraries\SrcWrapper\HAL\stm32yyxx_hal_dcmi_ex.c.o
LOAD d:\Sundaya\File JS Pro\Ehub V3\code\EHUB V3 tes board\tesBoard\bin\libraries\SrcWrapper\HAL\stm32yyxx_hal_dfsdm.c.o
LOAD d:\Sundaya\File JS Pro\Ehub V3\code\EHUB V3 tes board\tesBoard\bin\libraries\SrcWrapper\HAL\stm32yyxx_hal_dfsdm_ex.c.o
LOAD d:\Sundaya\File JS Pro\Ehub V3\code\EHUB V3 tes board\tesBoard\bin\libraries\SrcWrapper\HAL\stm32yyxx_hal_dma.c.o
LOAD d:\Sundaya\File JS Pro\Ehub V3\code\EHUB V3 tes board\tesBoard\bin\libraries\SrcWrapper\HAL\stm32yyxx_hal_dma2d.c.o
LOAD d:\Sundaya\File JS Pro\Ehub V3\code\EHUB V3 tes board\tesBoard\bin\libraries\SrcWrapper\HAL\stm32yyxx_hal_dma_ex.c.o
LOAD d:\Sundaya\File JS Pro\Ehub V3\code\EHUB V3 tes board\tesBoard\bin\libraries\SrcWrapper\HAL\stm32yyxx_hal_dsi.c.o
LOAD d:\Sundaya\File JS Pro\Ehub V3\code\EHUB V3 tes board\tesBoard\bin\libraries\SrcWrapper\HAL\stm32yyxx_hal_dts.c.o
LOAD d:\Sundaya\File JS Pro\Ehub V3\code\EHUB V3 tes board\tesBoard\bin\libraries\SrcWrapper\HAL\stm32yyxx_hal_eth.c.o
LOAD d:\Sundaya\File JS Pro\Ehub V3\code\EHUB V3 tes board\tesBoard\bin\libraries\SrcWrapper\HAL\stm32yyxx_hal_eth_ex.c.o
LOAD d:\Sundaya\File JS Pro\Ehub V3\code\EHUB V3 tes board\tesBoard\bin\libraries\SrcWrapper\HAL\stm32yyxx_hal_exti.c.o
LOAD d:\Sundaya\File JS Pro\Ehub V3\code\EHUB V3 tes board\tesBoard\bin\libraries\SrcWrapper\HAL\stm32yyxx_hal_fdcan.c.o
LOAD d:\Sundaya\File JS Pro\Ehub V3\code\EHUB V3 tes board\tesBoard\bin\libraries\SrcWrapper\HAL\stm32yyxx_hal_firewall.c.o
LOAD d:\Sundaya\File JS Pro\Ehub V3\code\EHUB V3 tes board\tesBoard\bin\libraries\SrcWrapper\HAL\stm32yyxx_hal_flash.c.o
LOAD d:\Sundaya\File JS Pro\Ehub V3\code\EHUB V3 tes board\tesBoard\bin\libraries\SrcWrapper\HAL\stm32yyxx_hal_flash_ex.c.o
LOAD d:\Sundaya\File JS Pro\Ehub V3\code\EHUB V3 tes board\tesBoard\bin\libraries\SrcWrapper\HAL\stm32yyxx_hal_flash_ramfunc.c.o
LOAD d:\Sundaya\File JS Pro\Ehub V3\code\EHUB V3 tes board\tesBoard\bin\libraries\SrcWrapper\HAL\stm32yyxx_hal_fmac.c.o
LOAD d:\Sundaya\File JS Pro\Ehub V3\code\EHUB V3 tes board\tesBoard\bin\libraries\SrcWrapper\HAL\stm32yyxx_hal_fmpi2c.c.o
LOAD d:\Sundaya\File JS Pro\Ehub V3\code\EHUB V3 tes board\tesBoard\bin\libraries\SrcWrapper\HAL\stm32yyxx_hal_fmpi2c_ex.c.o
LOAD d:\Sundaya\File JS Pro\Ehub V3\code\EHUB V3 tes board\tesBoard\bin\libraries\SrcWrapper\HAL\stm32yyxx_hal_gfxmmu.c.o
LOAD d:\Sundaya\File JS Pro\Ehub V3\code\EHUB V3 tes board\tesBoard\bin\libraries\SrcWrapper\HAL\stm32yyxx_hal_gpio.c.o
LOAD d:\Sundaya\File JS Pro\Ehub V3\code\EHUB V3 tes board\tesBoard\bin\libraries\SrcWrapper\HAL\stm32yyxx_hal_gpio_ex.c.o
LOAD d:\Sundaya\File JS Pro\Ehub V3\code\EHUB V3 tes board\tesBoard\bin\libraries\SrcWrapper\HAL\stm32yyxx_hal_hash.c.o
LOAD d:\Sundaya\File JS Pro\Ehub V3\code\EHUB V3 tes board\tesBoard\bin\libraries\SrcWrapper\HAL\stm32yyxx_hal_hash_ex.c.o
LOAD d:\Sundaya\File JS Pro\Ehub V3\code\EHUB V3 tes board\tesBoard\bin\libraries\SrcWrapper\HAL\stm32yyxx_hal_hcd.c.o
LOAD d:\Sundaya\File JS Pro\Ehub V3\code\EHUB V3 tes board\tesBoard\bin\libraries\SrcWrapper\HAL\stm32yyxx_hal_hrtim.c.o
LOAD d:\Sundaya\File JS Pro\Ehub V3\code\EHUB V3 tes board\tesBoard\bin\libraries\SrcWrapper\HAL\stm32yyxx_hal_hsem.c.o
LOAD d:\Sundaya\File JS Pro\Ehub V3\code\EHUB V3 tes board\tesBoard\bin\libraries\SrcWrapper\HAL\stm32yyxx_hal_i2c.c.o
LOAD d:\Sundaya\File JS Pro\Ehub V3\code\EHUB V3 tes board\tesBoard\bin\libraries\SrcWrapper\HAL\stm32yyxx_hal_i2c_ex.c.o
LOAD d:\Sundaya\File JS Pro\Ehub V3\code\EHUB V3 tes board\tesBoard\bin\libraries\SrcWrapper\HAL\stm32yyxx_hal_i2s.c.o
LOAD d:\Sundaya\File JS Pro\Ehub V3\code\EHUB V3 tes board\tesBoard\bin\libraries\SrcWrapper\HAL\stm32yyxx_hal_i2s_ex.c.o
LOAD d:\Sundaya\File JS Pro\Ehub V3\code\EHUB V3 tes board\tesBoard\bin\libraries\SrcWrapper\HAL\stm32yyxx_hal_ipcc.c.o
LOAD d:\Sundaya\File JS Pro\Ehub V3\code\EHUB V3 tes board\tesBoard\bin\libraries\SrcWrapper\HAL\stm32yyxx_hal_irda.c.o
LOAD d:\Sundaya\File JS Pro\Ehub V3\code\EHUB V3 tes board\tesBoard\bin\libraries\SrcWrapper\HAL\stm32yyxx_hal_iwdg.c.o
LOAD d:\Sundaya\File JS Pro\Ehub V3\code\EHUB V3 tes board\tesBoard\bin\libraries\SrcWrapper\HAL\stm32yyxx_hal_jpeg.c.o
LOAD d:\Sundaya\File JS Pro\Ehub V3\code\EHUB V3 tes board\tesBoard\bin\libraries\SrcWrapper\HAL\stm32yyxx_hal_lcd.c.o
LOAD d:\Sundaya\File JS Pro\Ehub V3\code\EHUB V3 tes board\tesBoard\bin\libraries\SrcWrapper\HAL\stm32yyxx_hal_lptim.c.o
LOAD d:\Sundaya\File JS Pro\Ehub V3\code\EHUB V3 tes board\tesBoard\bin\libraries\SrcWrapper\HAL\stm32yyxx_hal_ltdc.c.o
LOAD d:\Sundaya\File JS Pro\Ehub V3\code\EHUB V3 tes board\tesBoard\bin\libraries\SrcWrapper\HAL\stm32yyxx_hal_ltdc_ex.c.o
LOAD d:\Sundaya\File JS Pro\Ehub V3\code\EHUB V3 tes board\tesBoard\bin\libraries\SrcWrapper\HAL\stm32yyxx_hal_mdios.c.o
LOAD d:\Sundaya\File JS Pro\Ehub V3\code\EHUB V3 tes board\tesBoard\bin\libraries\SrcWrapper\HAL\stm32yyxx_hal_mdma.c.o
LOAD d:\Sundaya\File JS Pro\Ehub V3\code\EHUB V3 tes board\tesBoard\bin\libraries\SrcWrapper\HAL\stm32yyxx_hal_mmc.c.o
LOAD d:\Sundaya\File JS Pro\Ehub V3\code\EHUB V3 tes board\tesBoard\bin\libraries\SrcWrapper\HAL\stm32yyxx_hal_mmc_ex.c.o
LOAD d:\Sundaya\File JS Pro\Ehub V3\code\EHUB V3 tes board\tesBoard\bin\libraries\SrcWrapper\HAL\stm32yyxx_hal_nand.c.o
LOAD d:\Sundaya\File JS Pro\Ehub V3\code\EHUB V3 tes board\tesBoard\bin\libraries\SrcWrapper\HAL\stm32yyxx_hal_nor.c.o
LOAD d:\Sundaya\File JS Pro\Ehub V3\code\EHUB V3 tes board\tesBoard\bin\libraries\SrcWrapper\HAL\stm32yyxx_hal_opamp.c.o
LOAD d:\Sundaya\File JS Pro\Ehub V3\code\EHUB V3 tes board\tesBoard\bin\libraries\SrcWrapper\HAL\stm32yyxx_hal_opamp_ex.c.o
LOAD d:\Sundaya\File JS Pro\Ehub V3\code\EHUB V3 tes board\tesBoard\bin\libraries\SrcWrapper\HAL\stm32yyxx_hal_ospi.c.o
LOAD d:\Sundaya\File JS Pro\Ehub V3\code\EHUB V3 tes board\tesBoard\bin\libraries\SrcWrapper\HAL\stm32yyxx_hal_otfdec.c.o
LOAD d:\Sundaya\File JS Pro\Ehub V3\code\EHUB V3 tes board\tesBoard\bin\libraries\SrcWrapper\HAL\stm32yyxx_hal_pccard.c.o
LOAD d:\Sundaya\File JS Pro\Ehub V3\code\EHUB V3 tes board\tesBoard\bin\libraries\SrcWrapper\HAL\stm32yyxx_hal_pcd.c.o
LOAD d:\Sundaya\File JS Pro\Ehub V3\code\EHUB V3 tes board\tesBoard\bin\libraries\SrcWrapper\HAL\stm32yyxx_hal_pcd_ex.c.o
LOAD d:\Sundaya\File JS Pro\Ehub V3\code\EHUB V3 tes board\tesBoard\bin\libraries\SrcWrapper\HAL\stm32yyxx_hal_pka.c.o
LOAD d:\Sundaya\File JS Pro\Ehub V3\code\EHUB V3 tes board\tesBoard\bin\libraries\SrcWrapper\HAL\stm32yyxx_hal_pssi.c.o
LOAD d:\Sundaya\File JS Pro\Ehub V3\code\EHUB V3 tes board\tesBoard\bin\libraries\SrcWrapper\HAL\stm32yyxx_hal_pwr.c.o
LOAD d:\Sundaya\File JS Pro\Ehub V3\code\EHUB V3 tes board\tesBoard\bin\libraries\SrcWrapper\HAL\stm32yyxx_hal_pwr_ex.c.o
LOAD d:\Sundaya\File JS Pro\Ehub V3\code\EHUB V3 tes board\tesBoard\bin\libraries\SrcWrapper\HAL\stm32yyxx_hal_qspi.c.o
LOAD d:\Sundaya\File JS Pro\Ehub V3\code\EHUB V3 tes board\tesBoard\bin\libraries\SrcWrapper\HAL\stm32yyxx_hal_ramecc.c.o
LOAD d:\Sundaya\File JS Pro\Ehub V3\code\EHUB V3 tes board\tesBoard\bin\libraries\SrcWrapper\HAL\stm32yyxx_hal_rcc.c.o
LOAD d:\Sundaya\File JS Pro\Ehub V3\code\EHUB V3 tes board\tesBoard\bin\libraries\SrcWrapper\HAL\stm32yyxx_hal_rcc_ex.c.o
LOAD d:\Sundaya\File JS Pro\Ehub V3\code\EHUB V3 tes board\tesBoard\bin\libraries\SrcWrapper\HAL\stm32yyxx_hal_rng.c.o
LOAD d:\Sundaya\File JS Pro\Ehub V3\code\EHUB V3 tes board\tesBoard\bin\libraries\SrcWrapper\HAL\stm32yyxx_hal_rng_ex.c.o
LOAD d:\Sundaya\File JS Pro\Ehub V3\code\EHUB V3 tes board\tesBoard\bin\libraries\SrcWrapper\HAL\stm32yyxx_hal_rtc.c.o
LOAD d:\Sundaya\File JS Pro\Ehub V3\code\EHUB V3 tes board\tesBoard\bin\libraries\SrcWrapper\HAL\stm32yyxx_hal_rtc_ex.c.o
LOAD d:\Sundaya\File JS Pro\Ehub V3\code\EHUB V3 tes board\tesBoard\bin\libraries\SrcWrapper\HAL\stm32yyxx_hal_sai.c.o
LOAD d:\Sundaya\File JS Pro\Ehub V3\code\EHUB V3 tes board\tesBoard\bin\libraries\SrcWrapper\HAL\stm32yyxx_hal_sai_ex.c.o
LOAD d:\Sundaya\File JS Pro\Ehub V3\code\EHUB V3 tes board\tesBoard\bin\libraries\SrcWrapper\HAL\stm32yyxx_hal_sd.c.o
LOAD d:\Sundaya\File JS Pro\Ehub V3\code\EHUB V3 tes board\tesBoard\bin\libraries\SrcWrapper\HAL\stm32yyxx_hal_sd_ex.c.o
LOAD d:\Sundaya\File JS Pro\Ehub V3\code\EHUB V3 tes board\tesBoard\bin\libraries\SrcWrapper\HAL\stm32yyxx_hal_sdadc.c.o
LOAD d:\Sundaya\File JS Pro\Ehub V3\code\EHUB V3 tes board\tesBoard\bin\libraries\SrcWrapper\HAL\stm32yyxx_hal_sdram.c.o
LOAD d:\Sundaya\File JS Pro\Ehub V3\code\EHUB V3 tes board\tesBoard\bin\libraries\SrcWrapper\HAL\stm32yyxx_hal_smartcard.c.o
LOAD d:\Sundaya\File JS Pro\Ehub V3\code\EHUB V3 tes board\tesBoard\bin\libraries\SrcWrapper\HAL\stm32yyxx_hal_smartcard_ex.c.o
LOAD d:\Sundaya\File JS Pro\Ehub V3\code\EHUB V3 tes board\tesBoard\bin\libraries\SrcWrapper\HAL\stm32yyxx_hal_smbus.c.o
LOAD d:\Sundaya\File JS Pro\Ehub V3\code\EHUB V3 tes board\tesBoard\bin\libraries\SrcWrapper\HAL\stm32yyxx_hal_spdifrx.c.o
LOAD d:\Sundaya\File JS Pro\Ehub V3\code\EHUB V3 tes board\tesBoard\bin\libraries\SrcWrapper\HAL\stm32yyxx_hal_spi.c.o
LOAD d:\Sundaya\File JS Pro\Ehub V3\code\EHUB V3 tes board\tesBoard\bin\libraries\SrcWrapper\HAL\stm32yyxx_hal_spi_ex.c.o
LOAD d:\Sundaya\File JS Pro\Ehub V3\code\EHUB V3 tes board\tesBoard\bin\libraries\SrcWrapper\HAL\stm32yyxx_hal_sram.c.o
LOAD d:\Sundaya\File JS Pro\Ehub V3\code\EHUB V3 tes board\tesBoard\bin\libraries\SrcWrapper\HAL\stm32yyxx_hal_swpmi.c.o
LOAD d:\Sundaya\File JS Pro\Ehub V3\code\EHUB V3 tes board\tesBoard\bin\libraries\SrcWrapper\HAL\stm32yyxx_hal_tim.c.o
LOAD d:\Sundaya\File JS Pro\Ehub V3\code\EHUB V3 tes board\tesBoard\bin\libraries\SrcWrapper\HAL\stm32yyxx_hal_tim_ex.c.o
LOAD d:\Sundaya\File JS Pro\Ehub V3\code\EHUB V3 tes board\tesBoard\bin\libraries\SrcWrapper\HAL\stm32yyxx_hal_tsc.c.o
LOAD d:\Sundaya\File JS Pro\Ehub V3\code\EHUB V3 tes board\tesBoard\bin\libraries\SrcWrapper\HAL\stm32yyxx_hal_uart.c.o
LOAD d:\Sundaya\File JS Pro\Ehub V3\code\EHUB V3 tes board\tesBoard\bin\libraries\SrcWrapper\HAL\stm32yyxx_hal_uart_ex.c.o
LOAD d:\Sundaya\File JS Pro\Ehub V3\code\EHUB V3 tes board\tesBoard\bin\libraries\SrcWrapper\HAL\stm32yyxx_hal_usart.c.o
LOAD d:\Sundaya\File JS Pro\Ehub V3\code\EHUB V3 tes board\tesBoard\bin\libraries\SrcWrapper\HAL\stm32yyxx_hal_usart_ex.c.o
LOAD d:\Sundaya\File JS Pro\Ehub V3\code\EHUB V3 tes board\tesBoard\bin\libraries\SrcWrapper\HAL\stm32yyxx_hal_wwdg.c.o
LOAD d:\Sundaya\File JS Pro\Ehub V3\code\EHUB V3 tes board\tesBoard\bin\libraries\SrcWrapper\LL\stm32yyxx_ll_adc.c.o
LOAD d:\Sundaya\File JS Pro\Ehub V3\code\EHUB V3 tes board\tesBoard\bin\libraries\SrcWrapper\LL\stm32yyxx_ll_bdma.c.o
LOAD d:\Sundaya\File JS Pro\Ehub V3\code\EHUB V3 tes board\tesBoard\bin\libraries\SrcWrapper\LL\stm32yyxx_ll_comp.c.o
LOAD d:\Sundaya\File JS Pro\Ehub V3\code\EHUB V3 tes board\tesBoard\bin\libraries\SrcWrapper\LL\stm32yyxx_ll_cordic.c.o
LOAD d:\Sundaya\File JS Pro\Ehub V3\code\EHUB V3 tes board\tesBoard\bin\libraries\SrcWrapper\LL\stm32yyxx_ll_crc.c.o
LOAD d:\Sundaya\File JS Pro\Ehub V3\code\EHUB V3 tes board\tesBoard\bin\libraries\SrcWrapper\LL\stm32yyxx_ll_crs.c.o
LOAD d:\Sundaya\File JS Pro\Ehub V3\code\EHUB V3 tes board\tesBoard\bin\libraries\SrcWrapper\LL\stm32yyxx_ll_dac.c.o
LOAD d:\Sundaya\File JS Pro\Ehub V3\code\EHUB V3 tes board\tesBoard\bin\libraries\SrcWrapper\LL\stm32yyxx_ll_delayblock.c.o
LOAD d:\Sundaya\File JS Pro\Ehub V3\code\EHUB V3 tes board\tesBoard\bin\libraries\SrcWrapper\LL\stm32yyxx_ll_dma.c.o
LOAD d:\Sundaya\File JS Pro\Ehub V3\code\EHUB V3 tes board\tesBoard\bin\libraries\SrcWrapper\LL\stm32yyxx_ll_dma2d.c.o
LOAD d:\Sundaya\File JS Pro\Ehub V3\code\EHUB V3 tes board\tesBoard\bin\libraries\SrcWrapper\LL\stm32yyxx_ll_exti.c.o
LOAD d:\Sundaya\File JS Pro\Ehub V3\code\EHUB V3 tes board\tesBoard\bin\libraries\SrcWrapper\LL\stm32yyxx_ll_fmac.c.o
LOAD d:\Sundaya\File JS Pro\Ehub V3\code\EHUB V3 tes board\tesBoard\bin\libraries\SrcWrapper\LL\stm32yyxx_ll_fmc.c.o
LOAD d:\Sundaya\File JS Pro\Ehub V3\code\EHUB V3 tes board\tesBoard\bin\libraries\SrcWrapper\LL\stm32yyxx_ll_fsmc.c.o
LOAD d:\Sundaya\File JS Pro\Ehub V3\code\EHUB V3 tes board\tesBoard\bin\libraries\SrcWrapper\LL\stm32yyxx_ll_gpio.c.o
LOAD d:\Sundaya\File JS Pro\Ehub V3\code\EHUB V3 tes board\tesBoard\bin\libraries\SrcWrapper\LL\stm32yyxx_ll_hrtim.c.o
LOAD d:\Sundaya\File JS Pro\Ehub V3\code\EHUB V3 tes board\tesBoard\bin\libraries\SrcWrapper\LL\stm32yyxx_ll_i2c.c.o
LOAD d:\Sundaya\File JS Pro\Ehub V3\code\EHUB V3 tes board\tesBoard\bin\libraries\SrcWrapper\LL\stm32yyxx_ll_lptim.c.o
LOAD d:\Sundaya\File JS Pro\Ehub V3\code\EHUB V3 tes board\tesBoard\bin\libraries\SrcWrapper\LL\stm32yyxx_ll_lpuart.c.o
LOAD d:\Sundaya\File JS Pro\Ehub V3\code\EHUB V3 tes board\tesBoard\bin\libraries\SrcWrapper\LL\stm32yyxx_ll_mdma.c.o
LOAD d:\Sundaya\File JS Pro\Ehub V3\code\EHUB V3 tes board\tesBoard\bin\libraries\SrcWrapper\LL\stm32yyxx_ll_opamp.c.o
LOAD d:\Sundaya\File JS Pro\Ehub V3\code\EHUB V3 tes board\tesBoard\bin\libraries\SrcWrapper\LL\stm32yyxx_ll_pka.c.o
LOAD d:\Sundaya\File JS Pro\Ehub V3\code\EHUB V3 tes board\tesBoard\bin\libraries\SrcWrapper\LL\stm32yyxx_ll_pwr.c.o
LOAD d:\Sundaya\File JS Pro\Ehub V3\code\EHUB V3 tes board\tesBoard\bin\libraries\SrcWrapper\LL\stm32yyxx_ll_rcc.c.o
LOAD d:\Sundaya\File JS Pro\Ehub V3\code\EHUB V3 tes board\tesBoard\bin\libraries\SrcWrapper\LL\stm32yyxx_ll_rng.c.o
LOAD d:\Sundaya\File JS Pro\Ehub V3\code\EHUB V3 tes board\tesBoard\bin\libraries\SrcWrapper\LL\stm32yyxx_ll_rtc.c.o
LOAD d:\Sundaya\File JS Pro\Ehub V3\code\EHUB V3 tes board\tesBoard\bin\libraries\SrcWrapper\LL\stm32yyxx_ll_sdmmc.c.o
LOAD d:\Sundaya\File JS Pro\Ehub V3\code\EHUB V3 tes board\tesBoard\bin\libraries\SrcWrapper\LL\stm32yyxx_ll_spi.c.o
LOAD d:\Sundaya\File JS Pro\Ehub V3\code\EHUB V3 tes board\tesBoard\bin\libraries\SrcWrapper\LL\stm32yyxx_ll_swpmi.c.o
LOAD d:\Sundaya\File JS Pro\Ehub V3\code\EHUB V3 tes board\tesBoard\bin\libraries\SrcWrapper\LL\stm32yyxx_ll_tim.c.o
LOAD d:\Sundaya\File JS Pro\Ehub V3\code\EHUB V3 tes board\tesBoard\bin\libraries\SrcWrapper\LL\stm32yyxx_ll_ucpd.c.o
LOAD d:\Sundaya\File JS Pro\Ehub V3\code\EHUB V3 tes board\tesBoard\bin\libraries\SrcWrapper\LL\stm32yyxx_ll_usart.c.o
LOAD d:\Sundaya\File JS Pro\Ehub V3\code\EHUB V3 tes board\tesBoard\bin\libraries\SrcWrapper\LL\stm32yyxx_ll_usb.c.o
LOAD d:\Sundaya\File JS Pro\Ehub V3\code\EHUB V3 tes board\tesBoard\bin\libraries\SrcWrapper\LL\stm32yyxx_ll_utils.c.o
LOAD d:\Sundaya\File JS Pro\Ehub V3\code\EHUB V3 tes board\tesBoard\bin\libraries\SrcWrapper\stm32\PortNames.c.o
LOAD d:\Sundaya\File JS Pro\Ehub V3\code\EHUB V3 tes board\tesBoard\bin\libraries\SrcWrapper\stm32\analog.cpp.o
LOAD d:\Sundaya\File JS Pro\Ehub V3\code\EHUB V3 tes board\tesBoard\bin\libraries\SrcWrapper\stm32\bootloader.c.o
LOAD d:\Sundaya\File JS Pro\Ehub V3\code\EHUB V3 tes board\tesBoard\bin\libraries\SrcWrapper\stm32\clock.c.o
LOAD d:\Sundaya\File JS Pro\Ehub V3\code\EHUB V3 tes board\tesBoard\bin\libraries\SrcWrapper\stm32\core_callback.c.o
LOAD d:\Sundaya\File JS Pro\Ehub V3\code\EHUB V3 tes board\tesBoard\bin\libraries\SrcWrapper\stm32\dwt.c.o
LOAD d:\Sundaya\File JS Pro\Ehub V3\code\EHUB V3 tes board\tesBoard\bin\libraries\SrcWrapper\stm32\hw_config.c.o
LOAD d:\Sundaya\File JS Pro\Ehub V3\code\EHUB V3 tes board\tesBoard\bin\libraries\SrcWrapper\stm32\interrupt.cpp.o
LOAD d:\Sundaya\File JS Pro\Ehub V3\code\EHUB V3 tes board\tesBoard\bin\libraries\SrcWrapper\stm32\lock_resource.c.o
LOAD d:\Sundaya\File JS Pro\Ehub V3\code\EHUB V3 tes board\tesBoard\bin\libraries\SrcWrapper\stm32\low_power.c.o
LOAD d:\Sundaya\File JS Pro\Ehub V3\code\EHUB V3 tes board\tesBoard\bin\libraries\SrcWrapper\stm32\pinmap.c.o
LOAD d:\Sundaya\File JS Pro\Ehub V3\code\EHUB V3 tes board\tesBoard\bin\libraries\SrcWrapper\stm32\rtc.c.o
LOAD d:\Sundaya\File JS Pro\Ehub V3\code\EHUB V3 tes board\tesBoard\bin\libraries\SrcWrapper\stm32\stm32_def.c.o
LOAD d:\Sundaya\File JS Pro\Ehub V3\code\EHUB V3 tes board\tesBoard\bin\libraries\SrcWrapper\stm32\stm32_eeprom.c.o
LOAD d:\Sundaya\File JS Pro\Ehub V3\code\EHUB V3 tes board\tesBoard\bin\libraries\SrcWrapper\stm32\system_stm32yyxx.c.o
LOAD d:\Sundaya\File JS Pro\Ehub V3\code\EHUB V3 tes board\tesBoard\bin\libraries\SrcWrapper\stm32\timer.c.o
LOAD d:\Sundaya\File JS Pro\Ehub V3\code\EHUB V3 tes board\tesBoard\bin\libraries\SrcWrapper\stm32\uart.c.o
LOAD d:\Sundaya\File JS Pro\Ehub V3\code\EHUB V3 tes board\tesBoard\bin\libraries\SrcWrapper\syscalls.c.o
LOAD d:\Sundaya\File JS Pro\Ehub V3\code\EHUB V3 tes board\tesBoard\bin\core\PeripheralPins.c.o
LOAD d:\Sundaya\File JS Pro\Ehub V3\code\EHUB V3 tes board\tesBoard\bin\core\variant.cpp.o
LOAD d:\Sundaya\File JS Pro\Ehub V3\code\EHUB V3 tes board\tesBoard\bin\core\core.a
LOAD c:/users/sangengon/appdata/local/arduino15/packages/stm32/tools/xpack-arm-none-eabi-gcc/9.2.1-1.1/bin/../lib/gcc/arm-none-eabi/9.2.1/../../../../arm-none-eabi/lib/thumb/v7-m/nofp\libc_nano.a
END GROUP
LOAD c:/users/sangengon/appdata/local/arduino15/packages/stm32/tools/xpack-arm-none-eabi-gcc/9.2.1-1.1/bin/../lib/gcc/arm-none-eabi/9.2.1/../../../../arm-none-eabi/lib/thumb/v7-m/nofp\libm.a
LOAD c:/users/sangengon/appdata/local/arduino15/packages/stm32/tools/xpack-arm-none-eabi-gcc/9.2.1-1.1/bin/../lib/gcc/arm-none-eabi/9.2.1/thumb/v7-m/nofp\libgcc.a
LOAD c:/users/sangengon/appdata/local/arduino15/packages/stm32/tools/xpack-arm-none-eabi-gcc/9.2.1-1.1/bin/../lib/gcc/arm-none-eabi/9.2.1/../../../../arm-none-eabi/lib/thumb/v7-m/nofp\libstdc++_nano.a
START GROUP
LOAD c:/users/sangengon/appdata/local/arduino15/packages/stm32/tools/xpack-arm-none-eabi-gcc/9.2.1-1.1/bin/../lib/gcc/arm-none-eabi/9.2.1/thumb/v7-m/nofp\libgcc.a
LOAD c:/users/sangengon/appdata/local/arduino15/packages/stm32/tools/xpack-arm-none-eabi-gcc/9.2.1-1.1/bin/../lib/gcc/arm-none-eabi/9.2.1/../../../../arm-none-eabi/lib/thumb/v7-m/nofp\libc_nano.a
END GROUP
START GROUP
LOAD c:/users/sangengon/appdata/local/arduino15/packages/stm32/tools/xpack-arm-none-eabi-gcc/9.2.1-1.1/bin/../lib/gcc/arm-none-eabi/9.2.1/thumb/v7-m/nofp\libgcc.a
LOAD c:/users/sangengon/appdata/local/arduino15/packages/stm32/tools/xpack-arm-none-eabi-gcc/9.2.1-1.1/bin/../lib/gcc/arm-none-eabi/9.2.1/../../../../arm-none-eabi/lib/thumb/v7-m/nofp\libc_nano.a
END GROUP
LOAD c:/users/sangengon/appdata/local/arduino15/packages/stm32/tools/xpack-arm-none-eabi-gcc/9.2.1-1.1/bin/../lib/gcc/arm-none-eabi/9.2.1/thumb/v7-m/nofp/crtend.o
LOAD c:/users/sangengon/appdata/local/arduino15/packages/stm32/tools/xpack-arm-none-eabi-gcc/9.2.1-1.1/bin/../lib/gcc/arm-none-eabi/9.2.1/thumb/v7-m/nofp/crtn.o
                0x20005000                _estack = (0x20000000 + LD_MAX_DATA_SIZE)
                0x00000200                _Min_Heap_Size = 0x200
                0x00000400                _Min_Stack_Size = 0x400

.isr_vector     0x08000000      0x10c
                0x08000000                . = ALIGN (0x4)
 *(.isr_vector)
 .isr_vector    0x08000000      0x10c d:\Sundaya\File JS Pro\Ehub V3\code\EHUB V3 tes board\tesBoard\bin\core\core.a(startup_stm32yyxx.S.o)
                0x08000000                g_pfnVectors
                0x0800010c                . = ALIGN (0x4)

.text           0x0800010c     0x51b4
                0x0800010c                . = ALIGN (0x4)
 *(.text)
 .text          0x0800010c       0x10 c:/users/sangengon/appdata/local/arduino15/packages/stm32/tools/xpack-arm-none-eabi-gcc/9.2.1-1.1/bin/../lib/gcc/arm-none-eabi/9.2.1/../../../../arm-none-eabi/lib/thumb/v7-m/nofp\libc_nano.a(lib_a-strlen.o)
                0x0800010c                strlen
 *(.text*)
 .text.__do_global_dtors_aux
                0x0800011c       0x24 c:/users/sangengon/appdata/local/arduino15/packages/stm32/tools/xpack-arm-none-eabi-gcc/9.2.1-1.1/bin/../lib/gcc/arm-none-eabi/9.2.1/thumb/v7-m/nofp/crtbegin.o
 .text.frame_dummy
                0x08000140       0x1c c:/users/sangengon/appdata/local/arduino15/packages/stm32/tools/xpack-arm-none-eabi-gcc/9.2.1-1.1/bin/../lib/gcc/arm-none-eabi/9.2.1/thumb/v7-m/nofp/crtbegin.o
 .text._ZNSt17_Function_handlerIFvvEPS0_E9_M_invokeERKSt9_Any_data
                0x0800015c        0x4 d:\Sundaya\File JS Pro\Ehub V3\code\EHUB V3 tes board\tesBoard\bin\sketch\tesBoard.ino.cpp.o
                0x0800015c                std::_Function_handler<void (), void (*)()>::_M_invoke(std::_Any_data const&)
 .text._ZNSt14_Function_base13_Base_managerIPFvvEE10_M_managerERSt9_Any_dataRKS4_St18_Manager_operation
                0x08000160       0x16 d:\Sundaya\File JS Pro\Ehub V3\code\EHUB V3 tes board\tesBoard\bin\sketch\tesBoard.ino.cpp.o
                0x08000160                std::_Function_base::_Base_manager<void (*)()>::_M_manager(std::_Any_data&, std::_Any_data const&, std::_Manager_operation)
 *fill*         0x08000176        0x2 
 .text._Z11printSerialv
                0x08000178       0x24 d:\Sundaya\File JS Pro\Ehub V3\code\EHUB V3 tes board\tesBoard\bin\sketch\tesBoard.ino.cpp.o
                0x08000178                printSerial()
 .text._Z11checkButtonv
                0x0800019c       0xcc d:\Sundaya\File JS Pro\Ehub V3\code\EHUB V3 tes board\tesBoard\bin\sketch\tesBoard.ino.cpp.o
                0x0800019c                checkButton()
 .text._ZNSt14_Function_baseD2Ev
                0x08000268       0x12 d:\Sundaya\File JS Pro\Ehub V3\code\EHUB V3 tes board\tesBoard\bin\sketch\tesBoard.ino.cpp.o
                0x08000268                std::_Function_base::~_Function_base()
                0x08000268                std::_Function_base::~_Function_base()
 *fill*         0x0800027a        0x2 
 .text._Z7CANInit7BITRATEi
                0x0800027c      0x1ec d:\Sundaya\File JS Pro\Ehub V3\code\EHUB V3 tes board\tesBoard\bin\sketch\tesBoard.ino.cpp.o
                0x0800027c                CANInit(BITRATE, int)
 .text._Z10CANReceiveP9CAN_msg_t
                0x08000468       0x74 d:\Sundaya\File JS Pro\Ehub V3\code\EHUB V3 tes board\tesBoard\bin\sketch\tesBoard.ino.cpp.o
                0x08000468                CANReceive(CAN_msg_t*)
 .text._Z7CANSendP9CAN_msg_t
                0x080004dc       0xb4 d:\Sundaya\File JS Pro\Ehub V3\code\EHUB V3 tes board\tesBoard\bin\sketch\tesBoard.ino.cpp.o
                0x080004dc                CANSend(CAN_msg_t*)
 .text._Z7setuPinv
                0x08000590       0x64 d:\Sundaya\File JS Pro\Ehub V3\code\EHUB V3 tes board\tesBoard\bin\sketch\tesBoard.ino.cpp.o
                0x08000590                setuPin()
 .text._Z11setupCanbusv
                0x080005f4       0x4c d:\Sundaya\File JS Pro\Ehub V3\code\EHUB V3 tes board\tesBoard\bin\sketch\tesBoard.ino.cpp.o
                0x080005f4                setupCanbus()
 .text._Z10loopCanbusv
                0x08000640      0x1e4 d:\Sundaya\File JS Pro\Ehub V3\code\EHUB V3 tes board\tesBoard\bin\sketch\tesBoard.ino.cpp.o
                0x08000640                loopCanbus()
 .text._Z10i2cScannerv
                0x08000824       0xd8 d:\Sundaya\File JS Pro\Ehub V3\code\EHUB V3 tes board\tesBoard\bin\sketch\tesBoard.ino.cpp.o
                0x08000824                i2cScanner()
 .text._Z8checkLedv
                0x080008fc       0x80 d:\Sundaya\File JS Pro\Ehub V3\code\EHUB V3 tes board\tesBoard\bin\sketch\tesBoard.ino.cpp.o
                0x080008fc                checkLed()
 .text.setup    0x0800097c       0xa8 d:\Sundaya\File JS Pro\Ehub V3\code\EHUB V3 tes board\tesBoard\bin\sketch\tesBoard.ino.cpp.o
                0x0800097c                setup
 .text.loop     0x08000a24       0x12 d:\Sundaya\File JS Pro\Ehub V3\code\EHUB V3 tes board\tesBoard\bin\sketch\tesBoard.ino.cpp.o
                0x08000a24                loop
 *fill*         0x08000a36        0x2 
 .text.startup._GLOBAL__sub_I_timerSerial
                0x08000a38       0x58 d:\Sundaya\File JS Pro\Ehub V3\code\EHUB V3 tes board\tesBoard\bin\sketch\tesBoard.ino.cpp.o
 .text.exit._GLOBAL__sub_D_timerSerial
                0x08000a90       0x3c d:\Sundaya\File JS Pro\Ehub V3\code\EHUB V3 tes board\tesBoard\bin\sketch\tesBoard.ino.cpp.o
 .text._ZN7TwoWire9availableEv
                0x08000acc        0x8 d:\Sundaya\File JS Pro\Ehub V3\code\EHUB V3 tes board\tesBoard\bin\libraries\Wire\Wire.cpp.o
                0x08000acc                TwoWire::available()
 .text._ZN7TwoWire4readEv
                0x08000ad4       0x1a d:\Sundaya\File JS Pro\Ehub V3\code\EHUB V3 tes board\tesBoard\bin\libraries\Wire\Wire.cpp.o
                0x08000ad4                TwoWire::read()
 .text._ZN7TwoWire4peekEv
                0x08000aee       0x12 d:\Sundaya\File JS Pro\Ehub V3\code\EHUB V3 tes board\tesBoard\bin\libraries\Wire\Wire.cpp.o
                0x08000aee                TwoWire::peek()
 .text._ZN7TwoWire16onRequestServiceEP5i2c_s
                0x08000b00       0x12 d:\Sundaya\File JS Pro\Ehub V3\code\EHUB V3 tes board\tesBoard\bin\libraries\Wire\Wire.cpp.o
                0x08000b00                TwoWire::onRequestService(i2c_s*)
 *fill*         0x08000b12        0x2 
 .text._ZN7TwoWire16allocateTxBufferEj.part.0
                0x08000b14       0x2c d:\Sundaya\File JS Pro\Ehub V3\code\EHUB V3 tes board\tesBoard\bin\libraries\Wire\Wire.cpp.o
 .text._ZN7TwoWire5writeEh
                0x08000b40       0x50 d:\Sundaya\File JS Pro\Ehub V3\code\EHUB V3 tes board\tesBoard\bin\libraries\Wire\Wire.cpp.o
                0x08000b40                TwoWire::write(unsigned char)
 .text._ZN7TwoWire5writeEPKhj
                0x08000b90       0x50 d:\Sundaya\File JS Pro\Ehub V3\code\EHUB V3 tes board\tesBoard\bin\libraries\Wire\Wire.cpp.o
                0x08000b90                TwoWire::write(unsigned char const*, unsigned int)
 .text._ZN7TwoWireC2Ev
                0x08000be0       0x28 d:\Sundaya\File JS Pro\Ehub V3\code\EHUB V3 tes board\tesBoard\bin\libraries\Wire\Wire.cpp.o
                0x08000be0                TwoWire::TwoWire()
                0x08000be0                TwoWire::TwoWire()
 .text._ZN7TwoWire5beginEhb
                0x08000c08       0x64 d:\Sundaya\File JS Pro\Ehub V3\code\EHUB V3 tes board\tesBoard\bin\libraries\Wire\Wire.cpp.o
                0x08000c08                TwoWire::begin(unsigned char, bool)
 .text._ZN7TwoWire5beginEb
                0x08000c6c        0x8 d:\Sundaya\File JS Pro\Ehub V3\code\EHUB V3 tes board\tesBoard\bin\libraries\Wire\Wire.cpp.o
                0x08000c6c                TwoWire::begin(bool)
 .text._ZN7TwoWire17beginTransmissionEh
                0x08000c74       0x10 d:\Sundaya\File JS Pro\Ehub V3\code\EHUB V3 tes board\tesBoard\bin\libraries\Wire\Wire.cpp.o
                0x08000c74                TwoWire::beginTransmission(unsigned char)
 .text._ZN7TwoWire17beginTransmissionEi
                0x08000c84       0x10 d:\Sundaya\File JS Pro\Ehub V3\code\EHUB V3 tes board\tesBoard\bin\libraries\Wire\Wire.cpp.o
                0x08000c84                TwoWire::beginTransmission(int)
 .text._ZN7TwoWire16allocateRxBufferEj
                0x08000c94       0x34 d:\Sundaya\File JS Pro\Ehub V3\code\EHUB V3 tes board\tesBoard\bin\libraries\Wire\Wire.cpp.o
                0x08000c94                TwoWire::allocateRxBuffer(unsigned int)
 .text._ZN7TwoWire16onReceiveServiceEP5i2c_s
                0x08000cc8       0x50 d:\Sundaya\File JS Pro\Ehub V3\code\EHUB V3 tes board\tesBoard\bin\libraries\Wire\Wire.cpp.o
                0x08000cc8                TwoWire::onReceiveService(i2c_s*)
 .text._ZN7TwoWire13resetTxBufferEv
                0x08000d18       0x10 d:\Sundaya\File JS Pro\Ehub V3\code\EHUB V3 tes board\tesBoard\bin\libraries\Wire\Wire.cpp.o
                0x08000d18                TwoWire::resetTxBuffer()
 .text._ZN7TwoWire15endTransmissionEh
                0x08000d28       0x44 d:\Sundaya\File JS Pro\Ehub V3\code\EHUB V3 tes board\tesBoard\bin\libraries\Wire\Wire.cpp.o
                0x08000d28                TwoWire::endTransmission(unsigned char)
 .text._ZN7TwoWire15endTransmissionEv
                0x08000d6c        0x6 d:\Sundaya\File JS Pro\Ehub V3\code\EHUB V3 tes board\tesBoard\bin\libraries\Wire\Wire.cpp.o
                0x08000d6c                TwoWire::endTransmission()
 .text._ZN7TwoWire5flushEv
                0x08000d72       0x22 d:\Sundaya\File JS Pro\Ehub V3\code\EHUB V3 tes board\tesBoard\bin\libraries\Wire\Wire.cpp.o
                0x08000d72                TwoWire::flush()
 .text.startup._GLOBAL__sub_I__ZN7TwoWireC2Ev
                0x08000d94        0xc d:\Sundaya\File JS Pro\Ehub V3\code\EHUB V3 tes board\tesBoard\bin\libraries\Wire\Wire.cpp.o
 .text.i2c_custom_init
                0x08000da0      0x184 d:\Sundaya\File JS Pro\Ehub V3\code\EHUB V3 tes board\tesBoard\bin\libraries\Wire\utility\twi.c.o
                0x08000da0                i2c_custom_init
 .text.i2c_slave_write_IT
                0x08000f24       0x28 d:\Sundaya\File JS Pro\Ehub V3\code\EHUB V3 tes board\tesBoard\bin\libraries\Wire\utility\twi.c.o
                0x08000f24                i2c_slave_write_IT
 .text.i2c_IsDeviceReady
                0x08000f4c       0x40 d:\Sundaya\File JS Pro\Ehub V3\code\EHUB V3 tes board\tesBoard\bin\libraries\Wire\utility\twi.c.o
                0x08000f4c                i2c_IsDeviceReady
 .text.i2c_master_write
                0x08000f8c       0x80 d:\Sundaya\File JS Pro\Ehub V3\code\EHUB V3 tes board\tesBoard\bin\libraries\Wire\utility\twi.c.o
                0x08000f8c                i2c_master_write
 .text.i2c_attachSlaveRxEvent
                0x0800100c        0xe d:\Sundaya\File JS Pro\Ehub V3\code\EHUB V3 tes board\tesBoard\bin\libraries\Wire\utility\twi.c.o
                0x0800100c                i2c_attachSlaveRxEvent
 .text.i2c_attachSlaveTxEvent
                0x0800101a        0xe d:\Sundaya\File JS Pro\Ehub V3\code\EHUB V3 tes board\tesBoard\bin\libraries\Wire\utility\twi.c.o
                0x0800101a                i2c_attachSlaveTxEvent
 .text.HAL_I2C_AddrCallback
                0x08001028       0x48 d:\Sundaya\File JS Pro\Ehub V3\code\EHUB V3 tes board\tesBoard\bin\libraries\Wire\utility\twi.c.o
                0x08001028                HAL_I2C_AddrCallback
 .text.HAL_I2C_ListenCpltCallback
                0x08001070       0x2a d:\Sundaya\File JS Pro\Ehub V3\code\EHUB V3 tes board\tesBoard\bin\libraries\Wire\utility\twi.c.o
                0x08001070                HAL_I2C_ListenCpltCallback
 .text.HAL_I2C_SlaveRxCpltCallback
                0x0800109a       0x24 d:\Sundaya\File JS Pro\Ehub V3\code\EHUB V3 tes board\tesBoard\bin\libraries\Wire\utility\twi.c.o
                0x0800109a                HAL_I2C_SlaveRxCpltCallback
 .text.HAL_I2C_SlaveTxCpltCallback
                0x080010be        0x8 d:\Sundaya\File JS Pro\Ehub V3\code\EHUB V3 tes board\tesBoard\bin\libraries\Wire\utility\twi.c.o
                0x080010be                HAL_I2C_SlaveTxCpltCallback
 .text.HAL_I2C_ErrorCallback
                0x080010c6        0xc d:\Sundaya\File JS Pro\Ehub V3\code\EHUB V3 tes board\tesBoard\bin\libraries\Wire\utility\twi.c.o
                0x080010c6                HAL_I2C_ErrorCallback
 *fill*         0x080010d2        0x2 
 .text.I2C1_EV_IRQHandler
                0x080010d4        0xc d:\Sundaya\File JS Pro\Ehub V3\code\EHUB V3 tes board\tesBoard\bin\libraries\Wire\utility\twi.c.o
                0x080010d4                I2C1_EV_IRQHandler
 .text.I2C1_ER_IRQHandler
                0x080010e0        0xc d:\Sundaya\File JS Pro\Ehub V3\code\EHUB V3 tes board\tesBoard\bin\libraries\Wire\utility\twi.c.o
                0x080010e0                I2C1_ER_IRQHandler
 .text.I2C2_EV_IRQHandler
                0x080010ec        0xc d:\Sundaya\File JS Pro\Ehub V3\code\EHUB V3 tes board\tesBoard\bin\libraries\Wire\utility\twi.c.o
                0x080010ec                I2C2_EV_IRQHandler
 .text.I2C2_ER_IRQHandler
                0x080010f8        0xc d:\Sundaya\File JS Pro\Ehub V3\code\EHUB V3 tes board\tesBoard\bin\libraries\Wire\utility\twi.c.o
                0x080010f8                I2C2_ER_IRQHandler
 .text._ZN17LiquidCrystal_I2CC2Ehhh
                0x08001104       0x18 d:\Sundaya\File JS Pro\Ehub V3\code\EHUB V3 tes board\tesBoard\bin\libraries\LiquidCrystal_I2C\LiquidCrystal_I2C.cpp.o
                0x08001104                LiquidCrystal_I2C::LiquidCrystal_I2C(unsigned char, unsigned char, unsigned char)
                0x08001104                LiquidCrystal_I2C::LiquidCrystal_I2C(unsigned char, unsigned char, unsigned char)
 .text._ZN17LiquidCrystal_I2C13expanderWriteEh
                0x0800111c       0x28 d:\Sundaya\File JS Pro\Ehub V3\code\EHUB V3 tes board\tesBoard\bin\libraries\LiquidCrystal_I2C\LiquidCrystal_I2C.cpp.o
                0x0800111c                LiquidCrystal_I2C::expanderWrite(unsigned char)
 .text._ZN17LiquidCrystal_I2C9backlightEv
                0x08001144        0xa d:\Sundaya\File JS Pro\Ehub V3\code\EHUB V3 tes board\tesBoard\bin\libraries\LiquidCrystal_I2C\LiquidCrystal_I2C.cpp.o
                0x08001144                LiquidCrystal_I2C::backlight()
 *fill*         0x0800114e        0x2 
 .text._ZN17LiquidCrystal_I2C11pulseEnableEh
                0x08001150       0x54 d:\Sundaya\File JS Pro\Ehub V3\code\EHUB V3 tes board\tesBoard\bin\libraries\LiquidCrystal_I2C\LiquidCrystal_I2C.cpp.o
                0x08001150                LiquidCrystal_I2C::pulseEnable(unsigned char)
 .text._ZN17LiquidCrystal_I2C10write4bitsEh
                0x080011a4       0x16 d:\Sundaya\File JS Pro\Ehub V3\code\EHUB V3 tes board\tesBoard\bin\libraries\LiquidCrystal_I2C\LiquidCrystal_I2C.cpp.o
                0x080011a4                LiquidCrystal_I2C::write4bits(unsigned char)
 .text._ZN17LiquidCrystal_I2C4sendEhh
                0x080011ba       0x22 d:\Sundaya\File JS Pro\Ehub V3\code\EHUB V3 tes board\tesBoard\bin\libraries\LiquidCrystal_I2C\LiquidCrystal_I2C.cpp.o
                0x080011ba                LiquidCrystal_I2C::send(unsigned char, unsigned char)
 .text._ZN17LiquidCrystal_I2C5writeEh
                0x080011dc        0xc d:\Sundaya\File JS Pro\Ehub V3\code\EHUB V3 tes board\tesBoard\bin\libraries\LiquidCrystal_I2C\LiquidCrystal_I2C.cpp.o
                0x080011dc                LiquidCrystal_I2C::write(unsigned char)
 .text._ZN17LiquidCrystal_I2C7commandEh
                0x080011e8        0x6 d:\Sundaya\File JS Pro\Ehub V3\code\EHUB V3 tes board\tesBoard\bin\libraries\LiquidCrystal_I2C\LiquidCrystal_I2C.cpp.o
                0x080011e8                LiquidCrystal_I2C::command(unsigned char)
 *fill*         0x080011ee        0x2 
 .text._ZN17LiquidCrystal_I2C5clearEv
                0x080011f0       0x34 d:\Sundaya\File JS Pro\Ehub V3\code\EHUB V3 tes board\tesBoard\bin\libraries\LiquidCrystal_I2C\LiquidCrystal_I2C.cpp.o
                0x080011f0                LiquidCrystal_I2C::clear()
 .text._ZN17LiquidCrystal_I2C4homeEv
                0x08001224       0x34 d:\Sundaya\File JS Pro\Ehub V3\code\EHUB V3 tes board\tesBoard\bin\libraries\LiquidCrystal_I2C\LiquidCrystal_I2C.cpp.o
                0x08001224                LiquidCrystal_I2C::home()
 .text._ZN17LiquidCrystal_I2C9setCursorEhh
                0x08001258       0x40 d:\Sundaya\File JS Pro\Ehub V3\code\EHUB V3 tes board\tesBoard\bin\libraries\LiquidCrystal_I2C\LiquidCrystal_I2C.cpp.o
                0x08001258                LiquidCrystal_I2C::setCursor(unsigned char, unsigned char)
 .text._ZN17LiquidCrystal_I2C7displayEv
                0x08001298       0x14 d:\Sundaya\File JS Pro\Ehub V3\code\EHUB V3 tes board\tesBoard\bin\libraries\LiquidCrystal_I2C\LiquidCrystal_I2C.cpp.o
                0x08001298                LiquidCrystal_I2C::display()
 .text._ZN17LiquidCrystal_I2C5beginEhhh
                0x080012ac       0xe4 d:\Sundaya\File JS Pro\Ehub V3\code\EHUB V3 tes board\tesBoard\bin\libraries\LiquidCrystal_I2C\LiquidCrystal_I2C.cpp.o
                0x080012ac                LiquidCrystal_I2C::begin(unsigned char, unsigned char, unsigned char)
 .text._ZN17LiquidCrystal_I2C9init_privEv
                0x08001390       0x24 d:\Sundaya\File JS Pro\Ehub V3\code\EHUB V3 tes board\tesBoard\bin\libraries\LiquidCrystal_I2C\LiquidCrystal_I2C.cpp.o
                0x08001390                LiquidCrystal_I2C::init_priv()
 .text._ZN17LiquidCrystal_I2C4initEv
                0x080013b4        0x4 d:\Sundaya\File JS Pro\Ehub V3\code\EHUB V3 tes board\tesBoard\bin\libraries\LiquidCrystal_I2C\LiquidCrystal_I2C.cpp.o
                0x080013b4                LiquidCrystal_I2C::init()
 .text._ZN17Adafruit_NeoPixelD2Ev
                0x080013b8       0x1c d:\Sundaya\File JS Pro\Ehub V3\code\EHUB V3 tes board\tesBoard\bin\libraries\Adafruit_NeoPixel\Adafruit_NeoPixel.cpp.o
                0x080013b8                Adafruit_NeoPixel::~Adafruit_NeoPixel()
                0x080013b8                Adafruit_NeoPixel::~Adafruit_NeoPixel()
 .text._ZN17Adafruit_NeoPixel5beginEv
                0x080013d4       0x22 d:\Sundaya\File JS Pro\Ehub V3\code\EHUB V3 tes board\tesBoard\bin\libraries\Adafruit_NeoPixel\Adafruit_NeoPixel.cpp.o
                0x080013d4                Adafruit_NeoPixel::begin()
 .text._ZN17Adafruit_NeoPixel12updateLengthEt
                0x080013f6       0x3a d:\Sundaya\File JS Pro\Ehub V3\code\EHUB V3 tes board\tesBoard\bin\libraries\Adafruit_NeoPixel\Adafruit_NeoPixel.cpp.o
                0x080013f6                Adafruit_NeoPixel::updateLength(unsigned short)
 .text._ZN17Adafruit_NeoPixel10updateTypeEt
                0x08001430       0x4a d:\Sundaya\File JS Pro\Ehub V3\code\EHUB V3 tes board\tesBoard\bin\libraries\Adafruit_NeoPixel\Adafruit_NeoPixel.cpp.o
                0x08001430                Adafruit_NeoPixel::updateType(unsigned short)
 *fill*         0x0800147a        0x2 
 .text._ZN17Adafruit_NeoPixel4showEv
                0x0800147c      0x13c d:\Sundaya\File JS Pro\Ehub V3\code\EHUB V3 tes board\tesBoard\bin\libraries\Adafruit_NeoPixel\Adafruit_NeoPixel.cpp.o
                0x0800147c                Adafruit_NeoPixel::show()
 .text._ZN17Adafruit_NeoPixel6setPinEt
                0x080015b8       0x74 d:\Sundaya\File JS Pro\Ehub V3\code\EHUB V3 tes board\tesBoard\bin\libraries\Adafruit_NeoPixel\Adafruit_NeoPixel.cpp.o
                0x080015b8                Adafruit_NeoPixel::setPin(unsigned short)
 .text._ZN17Adafruit_NeoPixelC2Ettt
                0x0800162c       0x2c d:\Sundaya\File JS Pro\Ehub V3\code\EHUB V3 tes board\tesBoard\bin\libraries\Adafruit_NeoPixel\Adafruit_NeoPixel.cpp.o
                0x0800162c                Adafruit_NeoPixel::Adafruit_NeoPixel(unsigned short, unsigned short, unsigned short)
                0x0800162c                Adafruit_NeoPixel::Adafruit_NeoPixel(unsigned short, unsigned short, unsigned short)
 .text._ZN17Adafruit_NeoPixel13setPixelColorEtm
                0x08001658       0x60 d:\Sundaya\File JS Pro\Ehub V3\code\EHUB V3 tes board\tesBoard\bin\libraries\Adafruit_NeoPixel\Adafruit_NeoPixel.cpp.o
                0x08001658                Adafruit_NeoPixel::setPixelColor(unsigned short, unsigned long)
 .text._ZN17Adafruit_NeoPixel5clearEv
                0x080016b8        0xa d:\Sundaya\File JS Pro\Ehub V3\code\EHUB V3 tes board\tesBoard\bin\libraries\Adafruit_NeoPixel\Adafruit_NeoPixel.cpp.o
                0x080016b8                Adafruit_NeoPixel::clear()
 .text._ZNSt8functionIFvvEEaSEDn.isra.0
                0x080016c2       0x18 d:\Sundaya\File JS Pro\Ehub V3\code\EHUB V3 tes board\tesBoard\bin\libraries\SimpleTimer-master\SimpleTimer.cpp.o
 .text._ZN11SimpleTimerC2Ev
                0x080016da       0x52 d:\Sundaya\File JS Pro\Ehub V3\code\EHUB V3 tes board\tesBoard\bin\libraries\SimpleTimer-master\SimpleTimer.cpp.o
                0x080016da                SimpleTimer::SimpleTimer()
                0x080016da                SimpleTimer::SimpleTimer()
 .text._ZN11SimpleTimer17findFirstFreeSlotEv
                0x0800172c       0x20 d:\Sundaya\File JS Pro\Ehub V3\code\EHUB V3 tes board\tesBoard\bin\libraries\SimpleTimer-master\SimpleTimer.cpp.o
                0x0800172c                SimpleTimer::findFirstFreeSlot()
 .text._ZNKSt8functionIFvvEEclEv
                0x0800174c       0x12 d:\Sundaya\File JS Pro\Ehub V3\code\EHUB V3 tes board\tesBoard\bin\libraries\SimpleTimer-master\SimpleTimer.cpp.o
                0x0800174c                std::function<void ()>::operator()() const
 .text._ZNSt8functionIFvvEEC2ERKS1_
                0x0800175e       0x1e d:\Sundaya\File JS Pro\Ehub V3\code\EHUB V3 tes board\tesBoard\bin\libraries\SimpleTimer-master\SimpleTimer.cpp.o
                0x0800175e                std::function<void ()>::function(std::function<void ()> const&)
                0x0800175e                std::function<void ()>::function(std::function<void ()> const&)
 .text._ZN11SimpleTimer8setTimerElSt8functionIFvvEEi
                0x0800177c       0x9c d:\Sundaya\File JS Pro\Ehub V3\code\EHUB V3 tes board\tesBoard\bin\libraries\SimpleTimer-master\SimpleTimer.cpp.o
                0x0800177c                SimpleTimer::setTimer(long, std::function<void ()>, int)
 .text._ZN11SimpleTimer11setIntervalElSt8functionIFvvEE
                0x08001818       0x2a d:\Sundaya\File JS Pro\Ehub V3\code\EHUB V3 tes board\tesBoard\bin\libraries\SimpleTimer-master\SimpleTimer.cpp.o
                0x08001818                SimpleTimer::setInterval(long, std::function<void ()>)
 .text.HAL_MspInit
                0x08001842        0x2 d:\Sundaya\File JS Pro\Ehub V3\code\EHUB V3 tes board\tesBoard\bin\libraries\SrcWrapper\HAL\stm32yyxx_hal.c.o
                0x08001842                HAL_MspInit
 .text.HAL_InitTick
                0x08001844       0x48 d:\Sundaya\File JS Pro\Ehub V3\code\EHUB V3 tes board\tesBoard\bin\libraries\SrcWrapper\HAL\stm32yyxx_hal.c.o
                0x08001844                HAL_InitTick
 .text.HAL_Init
                0x0800188c       0x24 d:\Sundaya\File JS Pro\Ehub V3\code\EHUB V3 tes board\tesBoard\bin\libraries\SrcWrapper\HAL\stm32yyxx_hal.c.o
                0x0800188c                HAL_Init
 .text.HAL_IncTick
                0x080018b0       0x18 d:\Sundaya\File JS Pro\Ehub V3\code\EHUB V3 tes board\tesBoard\bin\libraries\SrcWrapper\HAL\stm32yyxx_hal.c.o
                0x080018b0                HAL_IncTick
 .text.HAL_GetTick
                0x080018c8        0xc d:\Sundaya\File JS Pro\Ehub V3\code\EHUB V3 tes board\tesBoard\bin\libraries\SrcWrapper\HAL\stm32yyxx_hal.c.o
                0x080018c8                HAL_GetTick
 .text.HAL_NVIC_SetPriorityGrouping
                0x080018d4       0x24 d:\Sundaya\File JS Pro\Ehub V3\code\EHUB V3 tes board\tesBoard\bin\libraries\SrcWrapper\HAL\stm32yyxx_hal_cortex.c.o
                0x080018d4                HAL_NVIC_SetPriorityGrouping
 .text.HAL_NVIC_SetPriority
                0x080018f8       0x64 d:\Sundaya\File JS Pro\Ehub V3\code\EHUB V3 tes board\tesBoard\bin\libraries\SrcWrapper\HAL\stm32yyxx_hal_cortex.c.o
                0x080018f8                HAL_NVIC_SetPriority
 .text.HAL_NVIC_EnableIRQ
                0x0800195c       0x1c d:\Sundaya\File JS Pro\Ehub V3\code\EHUB V3 tes board\tesBoard\bin\libraries\SrcWrapper\HAL\stm32yyxx_hal_cortex.c.o
                0x0800195c                HAL_NVIC_EnableIRQ
 .text.HAL_NVIC_DisableIRQ
                0x08001978       0x28 d:\Sundaya\File JS Pro\Ehub V3\code\EHUB V3 tes board\tesBoard\bin\libraries\SrcWrapper\HAL\stm32yyxx_hal_cortex.c.o
                0x08001978                HAL_NVIC_DisableIRQ
 .text.HAL_SYSTICK_Config
                0x080019a0       0x2c d:\Sundaya\File JS Pro\Ehub V3\code\EHUB V3 tes board\tesBoard\bin\libraries\SrcWrapper\HAL\stm32yyxx_hal_cortex.c.o
                0x080019a0                HAL_SYSTICK_Config
 .text.HAL_NVIC_ClearPendingIRQ
                0x080019cc       0x20 d:\Sundaya\File JS Pro\Ehub V3\code\EHUB V3 tes board\tesBoard\bin\libraries\SrcWrapper\HAL\stm32yyxx_hal_cortex.c.o
                0x080019cc                HAL_NVIC_ClearPendingIRQ
 .text.HAL_SYSTICK_Callback
                0x080019ec        0x2 d:\Sundaya\File JS Pro\Ehub V3\code\EHUB V3 tes board\tesBoard\bin\libraries\SrcWrapper\HAL\stm32yyxx_hal_cortex.c.o
                0x080019ec                HAL_SYSTICK_Callback
 .text.HAL_SYSTICK_IRQHandler
                0x080019ee        0x8 d:\Sundaya\File JS Pro\Ehub V3\code\EHUB V3 tes board\tesBoard\bin\libraries\SrcWrapper\HAL\stm32yyxx_hal_cortex.c.o
                0x080019ee                HAL_SYSTICK_IRQHandler
 *fill*         0x080019f6        0x2 
 .text.HAL_DMA_Abort_IT
                0x080019f8       0x8c d:\Sundaya\File JS Pro\Ehub V3\code\EHUB V3 tes board\tesBoard\bin\libraries\SrcWrapper\HAL\stm32yyxx_hal_dma.c.o
                0x080019f8                HAL_DMA_Abort_IT
 .text.HAL_DMA_GetState
                0x08001a84        0x6 d:\Sundaya\File JS Pro\Ehub V3\code\EHUB V3 tes board\tesBoard\bin\libraries\SrcWrapper\HAL\stm32yyxx_hal_dma.c.o
                0x08001a84                HAL_DMA_GetState
 *fill*         0x08001a8a        0x2 
 .text.HAL_GPIO_EXTI_IRQHandler
                0x08001a8c       0x18 d:\Sundaya\File JS Pro\Ehub V3\code\EHUB V3 tes board\tesBoard\bin\libraries\SrcWrapper\HAL\stm32yyxx_hal_gpio.c.o
                0x08001a8c                HAL_GPIO_EXTI_IRQHandler
 .text.I2C_WaitOnFlagUntilTimeout
                0x08001aa4       0x64 d:\Sundaya\File JS Pro\Ehub V3\code\EHUB V3 tes board\tesBoard\bin\libraries\SrcWrapper\HAL\stm32yyxx_hal_i2c.c.o
 .text.HAL_I2C_MspInit
                0x08001b08        0x2 d:\Sundaya\File JS Pro\Ehub V3\code\EHUB V3 tes board\tesBoard\bin\libraries\SrcWrapper\HAL\stm32yyxx_hal_i2c.c.o
                0x08001b08                HAL_I2C_MspInit
 *fill*         0x08001b0a        0x2 
 .text.HAL_I2C_Init
                0x08001b0c      0x140 d:\Sundaya\File JS Pro\Ehub V3\code\EHUB V3 tes board\tesBoard\bin\libraries\SrcWrapper\HAL\stm32yyxx_hal_i2c.c.o
                0x08001b0c                HAL_I2C_Init
 .text.HAL_I2C_IsDeviceReady
                0x08001c4c      0x154 d:\Sundaya\File JS Pro\Ehub V3\code\EHUB V3 tes board\tesBoard\bin\libraries\SrcWrapper\HAL\stm32yyxx_hal_i2c.c.o
                0x08001c4c                HAL_I2C_IsDeviceReady
 .text.HAL_I2C_Master_Seq_Transmit_IT
                0x08001da0       0xf4 d:\Sundaya\File JS Pro\Ehub V3\code\EHUB V3 tes board\tesBoard\bin\libraries\SrcWrapper\HAL\stm32yyxx_hal_i2c.c.o
                0x08001da0                HAL_I2C_Master_Seq_Transmit_IT
 .text.HAL_I2C_Slave_Seq_Transmit_IT
                0x08001e94       0x76 d:\Sundaya\File JS Pro\Ehub V3\code\EHUB V3 tes board\tesBoard\bin\libraries\SrcWrapper\HAL\stm32yyxx_hal_i2c.c.o
                0x08001e94                HAL_I2C_Slave_Seq_Transmit_IT
 .text.HAL_I2C_Slave_Seq_Receive_IT
                0x08001f0a       0x76 d:\Sundaya\File JS Pro\Ehub V3\code\EHUB V3 tes board\tesBoard\bin\libraries\SrcWrapper\HAL\stm32yyxx_hal_i2c.c.o
                0x08001f0a                HAL_I2C_Slave_Seq_Receive_IT
 .text.HAL_I2C_EnableListen_IT
                0x08001f80       0x36 d:\Sundaya\File JS Pro\Ehub V3\code\EHUB V3 tes board\tesBoard\bin\libraries\SrcWrapper\HAL\stm32yyxx_hal_i2c.c.o
                0x08001f80                HAL_I2C_EnableListen_IT
 .text.HAL_I2C_MasterTxCpltCallback
                0x08001fb6        0x2 d:\Sundaya\File JS Pro\Ehub V3\code\EHUB V3 tes board\tesBoard\bin\libraries\SrcWrapper\HAL\stm32yyxx_hal_i2c.c.o
                0x08001fb6                HAL_I2C_MasterTxCpltCallback
 .text.HAL_I2C_MasterRxCpltCallback
                0x08001fb8        0x2 d:\Sundaya\File JS Pro\Ehub V3\code\EHUB V3 tes board\tesBoard\bin\libraries\SrcWrapper\HAL\stm32yyxx_hal_i2c.c.o
                0x08001fb8                HAL_I2C_MasterRxCpltCallback
 .text.HAL_I2C_MemTxCpltCallback
                0x08001fba        0x2 d:\Sundaya\File JS Pro\Ehub V3\code\EHUB V3 tes board\tesBoard\bin\libraries\SrcWrapper\HAL\stm32yyxx_hal_i2c.c.o
                0x08001fba                HAL_I2C_MemTxCpltCallback
 .text.HAL_I2C_MemRxCpltCallback
                0x08001fbc        0x2 d:\Sundaya\File JS Pro\Ehub V3\code\EHUB V3 tes board\tesBoard\bin\libraries\SrcWrapper\HAL\stm32yyxx_hal_i2c.c.o
                0x08001fbc                HAL_I2C_MemRxCpltCallback
 .text.HAL_I2C_AbortCpltCallback
                0x08001fbe        0x2 d:\Sundaya\File JS Pro\Ehub V3\code\EHUB V3 tes board\tesBoard\bin\libraries\SrcWrapper\HAL\stm32yyxx_hal_i2c.c.o
                0x08001fbe                HAL_I2C_AbortCpltCallback
 .text.I2C_DMAAbort
                0x08001fc0       0x76 d:\Sundaya\File JS Pro\Ehub V3\code\EHUB V3 tes board\tesBoard\bin\libraries\SrcWrapper\HAL\stm32yyxx_hal_i2c.c.o
 *fill*         0x08002036        0x2 
 .text.I2C_ITError
                0x08002038      0x144 d:\Sundaya\File JS Pro\Ehub V3\code\EHUB V3 tes board\tesBoard\bin\libraries\SrcWrapper\HAL\stm32yyxx_hal_i2c.c.o
 .text.HAL_I2C_EV_IRQHandler
                0x0800217c      0x848 d:\Sundaya\File JS Pro\Ehub V3\code\EHUB V3 tes board\tesBoard\bin\libraries\SrcWrapper\HAL\stm32yyxx_hal_i2c.c.o
                0x0800217c                HAL_I2C_EV_IRQHandler
 .text.HAL_I2C_ER_IRQHandler
                0x080029c4      0x138 d:\Sundaya\File JS Pro\Ehub V3\code\EHUB V3 tes board\tesBoard\bin\libraries\SrcWrapper\HAL\stm32yyxx_hal_i2c.c.o
                0x080029c4                HAL_I2C_ER_IRQHandler
 .text.HAL_I2C_GetState
                0x08002afc        0x6 d:\Sundaya\File JS Pro\Ehub V3\code\EHUB V3 tes board\tesBoard\bin\libraries\SrcWrapper\HAL\stm32yyxx_hal_i2c.c.o
                0x08002afc                HAL_I2C_GetState
 .text.HAL_I2C_GetError
                0x08002b02        0x4 d:\Sundaya\File JS Pro\Ehub V3\code\EHUB V3 tes board\tesBoard\bin\libraries\SrcWrapper\HAL\stm32yyxx_hal_i2c.c.o
                0x08002b02                HAL_I2C_GetError
 *fill*         0x08002b06        0x2 
 .text.HAL_RCC_OscConfig
                0x08002b08      0x338 d:\Sundaya\File JS Pro\Ehub V3\code\EHUB V3 tes board\tesBoard\bin\libraries\SrcWrapper\HAL\stm32yyxx_hal_rcc.c.o
                0x08002b08                HAL_RCC_OscConfig
 .text.HAL_RCC_GetSysClockFreq
                0x08002e40       0x74 d:\Sundaya\File JS Pro\Ehub V3\code\EHUB V3 tes board\tesBoard\bin\libraries\SrcWrapper\HAL\stm32yyxx_hal_rcc.c.o
                0x08002e40                HAL_RCC_GetSysClockFreq
 .text.HAL_RCC_ClockConfig
                0x08002eb4      0x138 d:\Sundaya\File JS Pro\Ehub V3\code\EHUB V3 tes board\tesBoard\bin\libraries\SrcWrapper\HAL\stm32yyxx_hal_rcc.c.o
                0x08002eb4                HAL_RCC_ClockConfig
 .text.HAL_RCC_GetPCLK1Freq
                0x08002fec       0x20 d:\Sundaya\File JS Pro\Ehub V3\code\EHUB V3 tes board\tesBoard\bin\libraries\SrcWrapper\HAL\stm32yyxx_hal_rcc.c.o
                0x08002fec                HAL_RCC_GetPCLK1Freq
 .text.HAL_RCC_GetPCLK2Freq
                0x0800300c       0x20 d:\Sundaya\File JS Pro\Ehub V3\code\EHUB V3 tes board\tesBoard\bin\libraries\SrcWrapper\HAL\stm32yyxx_hal_rcc.c.o
                0x0800300c                HAL_RCC_GetPCLK2Freq
 .text.HAL_RCCEx_PeriphCLKConfig
                0x0800302c       0xf0 d:\Sundaya\File JS Pro\Ehub V3\code\EHUB V3 tes board\tesBoard\bin\libraries\SrcWrapper\HAL\stm32yyxx_hal_rcc_ex.c.o
                0x0800302c                HAL_RCCEx_PeriphCLKConfig
 .text.HAL_RTC_AlarmIRQHandler
                0x0800311c       0x30 d:\Sundaya\File JS Pro\Ehub V3\code\EHUB V3 tes board\tesBoard\bin\libraries\SrcWrapper\HAL\stm32yyxx_hal_rtc.c.o
                0x0800311c                HAL_RTC_AlarmIRQHandler
 .text.HAL_TIM_PWM_PulseFinishedCallback
                0x0800314c        0x2 d:\Sundaya\File JS Pro\Ehub V3\code\EHUB V3 tes board\tesBoard\bin\libraries\SrcWrapper\HAL\stm32yyxx_hal_tim.c.o
                0x0800314c                HAL_TIM_PWM_PulseFinishedCallback
 .text.HAL_TIM_TriggerCallback
                0x0800314e        0x2 d:\Sundaya\File JS Pro\Ehub V3\code\EHUB V3 tes board\tesBoard\bin\libraries\SrcWrapper\HAL\stm32yyxx_hal_tim.c.o
                0x0800314e                HAL_TIM_TriggerCallback
 .text.HAL_TIM_IRQHandler
                0x08003150      0x144 d:\Sundaya\File JS Pro\Ehub V3\code\EHUB V3 tes board\tesBoard\bin\libraries\SrcWrapper\HAL\stm32yyxx_hal_tim.c.o
                0x08003150                HAL_TIM_IRQHandler
 .text.TIM_Base_SetConfig
                0x08003294       0x70 d:\Sundaya\File JS Pro\Ehub V3\code\EHUB V3 tes board\tesBoard\bin\libraries\SrcWrapper\HAL\stm32yyxx_hal_tim.c.o
                0x08003294                TIM_Base_SetConfig
 .text.HAL_TIM_Base_Init
                0x08003304       0x34 d:\Sundaya\File JS Pro\Ehub V3\code\EHUB V3 tes board\tesBoard\bin\libraries\SrcWrapper\HAL\stm32yyxx_hal_tim.c.o
                0x08003304                HAL_TIM_Base_Init
 .text.HAL_TIMEx_CommutCallback
                0x08003338        0x2 d:\Sundaya\File JS Pro\Ehub V3\code\EHUB V3 tes board\tesBoard\bin\libraries\SrcWrapper\HAL\stm32yyxx_hal_tim_ex.c.o
                0x08003338                HAL_TIMEx_CommutCallback
 .text.HAL_TIMEx_BreakCallback
                0x0800333a        0x2 d:\Sundaya\File JS Pro\Ehub V3\code\EHUB V3 tes board\tesBoard\bin\libraries\SrcWrapper\HAL\stm32yyxx_hal_tim_ex.c.o
                0x0800333a                HAL_TIMEx_BreakCallback
 .text.UART_EndRxTransfer
                0x0800333c       0x1a d:\Sundaya\File JS Pro\Ehub V3\code\EHUB V3 tes board\tesBoard\bin\libraries\SrcWrapper\HAL\stm32yyxx_hal_uart.c.o
 *fill*         0x08003356        0x2 
 .text.UART_SetConfig
                0x08003358       0x74 d:\Sundaya\File JS Pro\Ehub V3\code\EHUB V3 tes board\tesBoard\bin\libraries\SrcWrapper\HAL\stm32yyxx_hal_uart.c.o
 .text.HAL_UART_MspInit
                0x080033cc        0x2 d:\Sundaya\File JS Pro\Ehub V3\code\EHUB V3 tes board\tesBoard\bin\libraries\SrcWrapper\HAL\stm32yyxx_hal_uart.c.o
                0x080033cc                HAL_UART_MspInit
 .text.HAL_UART_Init
                0x080033ce       0x5c d:\Sundaya\File JS Pro\Ehub V3\code\EHUB V3 tes board\tesBoard\bin\libraries\SrcWrapper\HAL\stm32yyxx_hal_uart.c.o
                0x080033ce                HAL_UART_Init
 .text.HAL_HalfDuplex_Init
                0x0800342a       0x64 d:\Sundaya\File JS Pro\Ehub V3\code\EHUB V3 tes board\tesBoard\bin\libraries\SrcWrapper\HAL\stm32yyxx_hal_uart.c.o
                0x0800342a                HAL_HalfDuplex_Init
 .text.HAL_UART_Transmit_IT
                0x0800348e       0x3e d:\Sundaya\File JS Pro\Ehub V3\code\EHUB V3 tes board\tesBoard\bin\libraries\SrcWrapper\HAL\stm32yyxx_hal_uart.c.o
                0x0800348e                HAL_UART_Transmit_IT
 .text.HAL_UART_Receive_IT
                0x080034cc       0x4e d:\Sundaya\File JS Pro\Ehub V3\code\EHUB V3 tes board\tesBoard\bin\libraries\SrcWrapper\HAL\stm32yyxx_hal_uart.c.o
                0x080034cc                HAL_UART_Receive_IT
 .text.UART_Receive_IT
                0x0800351a       0x76 d:\Sundaya\File JS Pro\Ehub V3\code\EHUB V3 tes board\tesBoard\bin\libraries\SrcWrapper\HAL\stm32yyxx_hal_uart.c.o
 .text.HAL_UART_IRQHandler
                0x08003590      0x140 d:\Sundaya\File JS Pro\Ehub V3\code\EHUB V3 tes board\tesBoard\bin\libraries\SrcWrapper\HAL\stm32yyxx_hal_uart.c.o
                0x08003590                HAL_UART_IRQHandler
 .text.UART_DMAAbortOnError
                0x080036d0       0x10 d:\Sundaya\File JS Pro\Ehub V3\code\EHUB V3 tes board\tesBoard\bin\libraries\SrcWrapper\HAL\stm32yyxx_hal_uart.c.o
 .text.HAL_HalfDuplex_EnableTransmitter
                0x080036e0       0x30 d:\Sundaya\File JS Pro\Ehub V3\code\EHUB V3 tes board\tesBoard\bin\libraries\SrcWrapper\HAL\stm32yyxx_hal_uart.c.o
                0x080036e0                HAL_HalfDuplex_EnableTransmitter
 .text.HAL_HalfDuplex_EnableReceiver
                0x08003710       0x30 d:\Sundaya\File JS Pro\Ehub V3\code\EHUB V3 tes board\tesBoard\bin\libraries\SrcWrapper\HAL\stm32yyxx_hal_uart.c.o
                0x08003710                HAL_HalfDuplex_EnableReceiver
 .text.HAL_UART_GetState
                0x08003740        0xc d:\Sundaya\File JS Pro\Ehub V3\code\EHUB V3 tes board\tesBoard\bin\libraries\SrcWrapper\HAL\stm32yyxx_hal_uart.c.o
                0x08003740                HAL_UART_GetState
 .text.set_GPIO_Port_Clock
                0x0800374c       0xa8 d:\Sundaya\File JS Pro\Ehub V3\code\EHUB V3 tes board\tesBoard\bin\libraries\SrcWrapper\stm32\PortNames.c.o
                0x0800374c                set_GPIO_Port_Clock
 .text.pwm_stop
                0x080037f4       0x5c d:\Sundaya\File JS Pro\Ehub V3\code\EHUB V3 tes board\tesBoard\bin\libraries\SrcWrapper\stm32\analog.cpp.o
                0x080037f4                pwm_stop
 .text.getCurrentMicros
                0x08003850       0x3c d:\Sundaya\File JS Pro\Ehub V3\code\EHUB V3 tes board\tesBoard\bin\libraries\SrcWrapper\stm32\clock.c.o
                0x08003850                getCurrentMicros
 .text.getCurrentMillis
                0x0800388c        0x4 d:\Sundaya\File JS Pro\Ehub V3\code\EHUB V3 tes board\tesBoard\bin\libraries\SrcWrapper\stm32\clock.c.o
                0x0800388c                getCurrentMillis
 .text.noOsSystickHandler
                0x08003890        0x2 d:\Sundaya\File JS Pro\Ehub V3\code\EHUB V3 tes board\tesBoard\bin\libraries\SrcWrapper\stm32\clock.c.o
                0x08003890                osSystickHandler
                0x08003890                noOsSystickHandler
 .text.SysTick_Handler
                0x08003892       0x10 d:\Sundaya\File JS Pro\Ehub V3\code\EHUB V3 tes board\tesBoard\bin\libraries\SrcWrapper\stm32\clock.c.o
                0x08003892                SysTick_Handler
 *fill*         0x080038a2        0x2 
 .text.dwt_init
                0x080038a4       0x38 d:\Sundaya\File JS Pro\Ehub V3\code\EHUB V3 tes board\tesBoard\bin\libraries\SrcWrapper\stm32\dwt.c.o
                0x080038a4                dwt_init
 .text.hw_config_init
                0x080038dc       0x12 d:\Sundaya\File JS Pro\Ehub V3\code\EHUB V3 tes board\tesBoard\bin\libraries\SrcWrapper\stm32\hw_config.c.o
                0x080038dc                hw_config_init
 *fill*         0x080038ee        0x2 
 .text.HAL_GPIO_EXTI_Callback
                0x080038f0       0x2c d:\Sundaya\File JS Pro\Ehub V3\code\EHUB V3 tes board\tesBoard\bin\libraries\SrcWrapper\stm32\interrupt.cpp.o
                0x080038f0                HAL_GPIO_EXTI_Callback
 .text.EXTI0_IRQHandler
                0x0800391c        0x6 d:\Sundaya\File JS Pro\Ehub V3\code\EHUB V3 tes board\tesBoard\bin\libraries\SrcWrapper\stm32\interrupt.cpp.o
                0x0800391c                EXTI0_IRQHandler
 .text.EXTI1_IRQHandler
                0x08003922        0x6 d:\Sundaya\File JS Pro\Ehub V3\code\EHUB V3 tes board\tesBoard\bin\libraries\SrcWrapper\stm32\interrupt.cpp.o
                0x08003922                EXTI1_IRQHandler
 .text.EXTI2_IRQHandler
                0x08003928        0x6 d:\Sundaya\File JS Pro\Ehub V3\code\EHUB V3 tes board\tesBoard\bin\libraries\SrcWrapper\stm32\interrupt.cpp.o
                0x08003928                EXTI2_IRQHandler
 .text.EXTI3_IRQHandler
                0x0800392e        0x6 d:\Sundaya\File JS Pro\Ehub V3\code\EHUB V3 tes board\tesBoard\bin\libraries\SrcWrapper\stm32\interrupt.cpp.o
                0x0800392e                EXTI3_IRQHandler
 .text.EXTI4_IRQHandler
                0x08003934        0x6 d:\Sundaya\File JS Pro\Ehub V3\code\EHUB V3 tes board\tesBoard\bin\libraries\SrcWrapper\stm32\interrupt.cpp.o
                0x08003934                EXTI4_IRQHandler
 .text.EXTI9_5_IRQHandler
                0x0800393a       0x16 d:\Sundaya\File JS Pro\Ehub V3\code\EHUB V3 tes board\tesBoard\bin\libraries\SrcWrapper\stm32\interrupt.cpp.o
                0x0800393a                EXTI9_5_IRQHandler
 .text.EXTI15_10_IRQHandler
                0x08003950       0x18 d:\Sundaya\File JS Pro\Ehub V3\code\EHUB V3 tes board\tesBoard\bin\libraries\SrcWrapper\stm32\interrupt.cpp.o
                0x08003950                EXTI15_10_IRQHandler
 .text.startup._GLOBAL__sub_I__Z22stm32_interrupt_enableP12GPIO_TypeDeftSt8functionIFvvEEm
                0x08003968       0x88 d:\Sundaya\File JS Pro\Ehub V3\code\EHUB V3 tes board\tesBoard\bin\libraries\SrcWrapper\stm32\interrupt.cpp.o
 .text.exit._GLOBAL__sub_D__Z22stm32_interrupt_enableP12GPIO_TypeDeftSt8functionIFvvEEm
                0x080039f0       0x1c d:\Sundaya\File JS Pro\Ehub V3\code\EHUB V3 tes board\tesBoard\bin\libraries\SrcWrapper\stm32\interrupt.cpp.o
 .text.pin_SetF1AFPin
                0x08003a0c      0x1f8 d:\Sundaya\File JS Pro\Ehub V3\code\EHUB V3 tes board\tesBoard\bin\libraries\SrcWrapper\stm32\pinmap.c.o
 .text.LL_GPIO_SetPinMode
                0x08003c04       0x2e d:\Sundaya\File JS Pro\Ehub V3\code\EHUB V3 tes board\tesBoard\bin\libraries\SrcWrapper\stm32\pinmap.c.o
 .text.LL_GPIO_SetPinOutputType
                0x08003c32       0x2e d:\Sundaya\File JS Pro\Ehub V3\code\EHUB V3 tes board\tesBoard\bin\libraries\SrcWrapper\stm32\pinmap.c.o
 .text.pin_in_pinmap
                0x08003c60       0x1e d:\Sundaya\File JS Pro\Ehub V3\code\EHUB V3 tes board\tesBoard\bin\libraries\SrcWrapper\stm32\pinmap.c.o
                0x08003c60                pin_in_pinmap
 *fill*         0x08003c7e        0x2 
 .text.pin_function
                0x08003c80      0x19c d:\Sundaya\File JS Pro\Ehub V3\code\EHUB V3 tes board\tesBoard\bin\libraries\SrcWrapper\stm32\pinmap.c.o
                0x08003c80                pin_function
 .text.pinmap_pinout
                0x08003e1c       0x28 d:\Sundaya\File JS Pro\Ehub V3\code\EHUB V3 tes board\tesBoard\bin\libraries\SrcWrapper\stm32\pinmap.c.o
                0x08003e1c                pinmap_pinout
 .text.pinmap_find_peripheral
                0x08003e44       0x18 d:\Sundaya\File JS Pro\Ehub V3\code\EHUB V3 tes board\tesBoard\bin\libraries\SrcWrapper\stm32\pinmap.c.o
                0x08003e44                pinmap_find_peripheral
 .text.pinmap_peripheral
                0x08003e5c        0xc d:\Sundaya\File JS Pro\Ehub V3\code\EHUB V3 tes board\tesBoard\bin\libraries\SrcWrapper\stm32\pinmap.c.o
                0x08003e5c                pinmap_peripheral
 .text.pinmap_find_pin
                0x08003e68       0x18 d:\Sundaya\File JS Pro\Ehub V3\code\EHUB V3 tes board\tesBoard\bin\libraries\SrcWrapper\stm32\pinmap.c.o
                0x08003e68                pinmap_find_pin
 .text.pinmap_pin
                0x08003e80        0xc d:\Sundaya\File JS Pro\Ehub V3\code\EHUB V3 tes board\tesBoard\bin\libraries\SrcWrapper\stm32\pinmap.c.o
                0x08003e80                pinmap_pin
 .text.pinmap_merge_peripheral
                0x08003e8c       0x14 d:\Sundaya\File JS Pro\Ehub V3\code\EHUB V3 tes board\tesBoard\bin\libraries\SrcWrapper\stm32\pinmap.c.o
                0x08003e8c                pinmap_merge_peripheral
 .text.HAL_RTC_AlarmAEventCallback
                0x08003ea0       0x18 d:\Sundaya\File JS Pro\Ehub V3\code\EHUB V3 tes board\tesBoard\bin\libraries\SrcWrapper\stm32\rtc.c.o
                0x08003ea0                HAL_RTC_AlarmAEventCallback
 .text.RTC_Alarm_IRQHandler
                0x08003eb8        0xc d:\Sundaya\File JS Pro\Ehub V3\code\EHUB V3 tes board\tesBoard\bin\libraries\SrcWrapper\stm32\rtc.c.o
                0x08003eb8                RTC_Alarm_IRQHandler
 .text._Error_Handler
                0x08003ec4        0x2 d:\Sundaya\File JS Pro\Ehub V3\code\EHUB V3 tes board\tesBoard\bin\libraries\SrcWrapper\stm32\stm32_def.c.o
                0x08003ec4                _Error_Handler
 *fill*         0x08003ec6        0x2 
 .text.SystemInit
                0x08003ec8       0x4c d:\Sundaya\File JS Pro\Ehub V3\code\EHUB V3 tes board\tesBoard\bin\libraries\SrcWrapper\stm32\system_stm32yyxx.c.o
                0x08003ec8                SystemInit
 .text.get_timer_obj
                0x08003f14        0x4 d:\Sundaya\File JS Pro\Ehub V3\code\EHUB V3 tes board\tesBoard\bin\libraries\SrcWrapper\stm32\timer.c.o
                0x08003f14                get_timer_obj
 .text.enableTimerClock
                0x08003f18       0x88 d:\Sundaya\File JS Pro\Ehub V3\code\EHUB V3 tes board\tesBoard\bin\libraries\SrcWrapper\stm32\timer.c.o
                0x08003f18                enableTimerClock
 .text.disableTimerClock
                0x08003fa0       0x5c d:\Sundaya\File JS Pro\Ehub V3\code\EHUB V3 tes board\tesBoard\bin\libraries\SrcWrapper\stm32\timer.c.o
                0x08003fa0                disableTimerClock
 .text.getTimerUpIrq
                0x08003ffc       0x4c d:\Sundaya\File JS Pro\Ehub V3\code\EHUB V3 tes board\tesBoard\bin\libraries\SrcWrapper\stm32\timer.c.o
                0x08003ffc                getTimerUpIrq
 .text.getTimerCCIrq
                0x08004048       0x4c d:\Sundaya\File JS Pro\Ehub V3\code\EHUB V3 tes board\tesBoard\bin\libraries\SrcWrapper\stm32\timer.c.o
                0x08004048                getTimerCCIrq
 .text.HAL_TIM_Base_MspInit
                0x08004094       0x50 d:\Sundaya\File JS Pro\Ehub V3\code\EHUB V3 tes board\tesBoard\bin\libraries\SrcWrapper\stm32\timer.c.o
                0x08004094                HAL_TIM_Base_MspInit
 .text.uart_init.part.0
                0x080040e4      0x14c d:\Sundaya\File JS Pro\Ehub V3\code\EHUB V3 tes board\tesBoard\bin\libraries\SrcWrapper\stm32\uart.c.o
 .text.uart_init
                0x08004230        0x8 d:\Sundaya\File JS Pro\Ehub V3\code\EHUB V3 tes board\tesBoard\bin\libraries\SrcWrapper\stm32\uart.c.o
                0x08004230                uart_init
 .text.serial_rx_active
                0x08004238       0x24 d:\Sundaya\File JS Pro\Ehub V3\code\EHUB V3 tes board\tesBoard\bin\libraries\SrcWrapper\stm32\uart.c.o
                0x08004238                serial_rx_active
 .text.serial_tx_active
                0x0800425c       0x24 d:\Sundaya\File JS Pro\Ehub V3\code\EHUB V3 tes board\tesBoard\bin\libraries\SrcWrapper\stm32\uart.c.o
                0x0800425c                serial_tx_active
 .text.uart_getc
                0x08004280       0x38 d:\Sundaya\File JS Pro\Ehub V3\code\EHUB V3 tes board\tesBoard\bin\libraries\SrcWrapper\stm32\uart.c.o
                0x08004280                uart_getc
 .text.uart_attach_rx_callback
                0x080042b8       0x4c d:\Sundaya\File JS Pro\Ehub V3\code\EHUB V3 tes board\tesBoard\bin\libraries\SrcWrapper\stm32\uart.c.o
                0x080042b8                uart_attach_rx_callback
 .text.uart_attach_tx_callback
                0x08004304       0x48 d:\Sundaya\File JS Pro\Ehub V3\code\EHUB V3 tes board\tesBoard\bin\libraries\SrcWrapper\stm32\uart.c.o
                0x08004304                uart_attach_tx_callback
 .text.uart_enable_tx
                0x0800434c       0x20 d:\Sundaya\File JS Pro\Ehub V3\code\EHUB V3 tes board\tesBoard\bin\libraries\SrcWrapper\stm32\uart.c.o
                0x0800434c                uart_enable_tx
 .text.uart_enable_rx
                0x0800436c       0x20 d:\Sundaya\File JS Pro\Ehub V3\code\EHUB V3 tes board\tesBoard\bin\libraries\SrcWrapper\stm32\uart.c.o
                0x0800436c                uart_enable_rx
 .text.HAL_UART_RxCpltCallback
                0x0800438c        0x6 d:\Sundaya\File JS Pro\Ehub V3\code\EHUB V3 tes board\tesBoard\bin\libraries\SrcWrapper\stm32\uart.c.o
                0x0800438c                HAL_UART_RxCpltCallback
 .text.HAL_UART_TxCpltCallback
                0x08004392       0x26 d:\Sundaya\File JS Pro\Ehub V3\code\EHUB V3 tes board\tesBoard\bin\libraries\SrcWrapper\stm32\uart.c.o
                0x08004392                HAL_UART_TxCpltCallback
 .text.HAL_UART_ErrorCallback
                0x080043b8       0x7a d:\Sundaya\File JS Pro\Ehub V3\code\EHUB V3 tes board\tesBoard\bin\libraries\SrcWrapper\stm32\uart.c.o
                0x080043b8                HAL_UART_ErrorCallback
 *fill*         0x08004432        0x2 
 .text.USART1_IRQHandler
                0x08004434       0x18 d:\Sundaya\File JS Pro\Ehub V3\code\EHUB V3 tes board\tesBoard\bin\libraries\SrcWrapper\stm32\uart.c.o
                0x08004434                USART1_IRQHandler
 .text.USART2_IRQHandler
                0x0800444c       0x18 d:\Sundaya\File JS Pro\Ehub V3\code\EHUB V3 tes board\tesBoard\bin\libraries\SrcWrapper\stm32\uart.c.o
                0x0800444c                USART2_IRQHandler
 .text.USART3_IRQHandler
                0x08004464       0x1c d:\Sundaya\File JS Pro\Ehub V3\code\EHUB V3 tes board\tesBoard\bin\libraries\SrcWrapper\stm32\uart.c.o
                0x08004464                USART3_IRQHandler
 .text._sbrk    0x08004480       0x3c d:\Sundaya\File JS Pro\Ehub V3\code\EHUB V3 tes board\tesBoard\bin\libraries\SrcWrapper\syscalls.c.o
                0x08004480                _sbrk
 .text._exit    0x080044bc        0x2 d:\Sundaya\File JS Pro\Ehub V3\code\EHUB V3 tes board\tesBoard\bin\libraries\SrcWrapper\syscalls.c.o
                0x080044bc                _exit
 *fill*         0x080044be        0x2 
 .text._kill    0x080044c0       0x10 d:\Sundaya\File JS Pro\Ehub V3\code\EHUB V3 tes board\tesBoard\bin\libraries\SrcWrapper\syscalls.c.o
                0x080044c0                _kill
 .text._getpid  0x080044d0        0x4 d:\Sundaya\File JS Pro\Ehub V3\code\EHUB V3 tes board\tesBoard\bin\libraries\SrcWrapper\syscalls.c.o
                0x080044d0                _getpid
 .text.SystemClock_Config
                0x080044d4       0x60 d:\Sundaya\File JS Pro\Ehub V3\code\EHUB V3 tes board\tesBoard\bin\core\variant.cpp.o
                0x080044d4                SystemClock_Config
 .text._ZN14HardwareSerial16_tx_complete_irqEP8serial_s
                0x08004534       0x24 d:\Sundaya\File JS Pro\Ehub V3\code\EHUB V3 tes board\tesBoard\bin\core\core.a(HardwareSerial.cpp.o)
                0x08004534                HardwareSerial::_tx_complete_irq(serial_s*)
 .text._ZN14HardwareSerial9availableEv
                0x08004558       0x10 d:\Sundaya\File JS Pro\Ehub V3\code\EHUB V3 tes board\tesBoard\bin\core\core.a(HardwareSerial.cpp.o)
                0x08004558                HardwareSerial::available()
 .text._ZN14HardwareSerial4peekEv
                0x08004568       0x1a d:\Sundaya\File JS Pro\Ehub V3\code\EHUB V3 tes board\tesBoard\bin\core\core.a(HardwareSerial.cpp.o)
                0x08004568                HardwareSerial::peek()
 .text._ZN14HardwareSerial16_rx_complete_irqEP8serial_s
                0x08004582       0x38 d:\Sundaya\File JS Pro\Ehub V3\code\EHUB V3 tes board\tesBoard\bin\core\core.a(HardwareSerial.cpp.o)
                0x08004582                HardwareSerial::_rx_complete_irq(serial_s*)
 *fill*         0x080045ba        0x2 
 .text._ZN14HardwareSerial5writeEh
                0x080045bc       0x60 d:\Sundaya\File JS Pro\Ehub V3\code\EHUB V3 tes board\tesBoard\bin\core\core.a(HardwareSerial.cpp.o)
                0x080045bc                HardwareSerial::write(unsigned char)
 .text._ZN14HardwareSerial5flushEv
                0x0800461c       0x14 d:\Sundaya\File JS Pro\Ehub V3\code\EHUB V3 tes board\tesBoard\bin\core\core.a(HardwareSerial.cpp.o)
                0x0800461c                HardwareSerial::flush()
 .text._ZN14HardwareSerial4initE7PinNameS0_
                0x08004630       0x2c d:\Sundaya\File JS Pro\Ehub V3\code\EHUB V3 tes board\tesBoard\bin\core\core.a(HardwareSerial.cpp.o)
                0x08004630                HardwareSerial::init(PinName, PinName)
 .text._ZN14HardwareSerialC2Emm
                0x0800465c       0x3c d:\Sundaya\File JS Pro\Ehub V3\code\EHUB V3 tes board\tesBoard\bin\core\core.a(HardwareSerial.cpp.o)
                0x0800465c                HardwareSerial::HardwareSerial(unsigned long, unsigned long)
                0x0800465c                HardwareSerial::HardwareSerial(unsigned long, unsigned long)
 .text._ZN14HardwareSerialC2EPv16HalfDuplexMode_t
                0x08004698       0x7c d:\Sundaya\File JS Pro\Ehub V3\code\EHUB V3 tes board\tesBoard\bin\core\core.a(HardwareSerial.cpp.o)
                0x08004698                HardwareSerial::HardwareSerial(void*, HalfDuplexMode_t)
                0x08004698                HardwareSerial::HardwareSerial(void*, HalfDuplexMode_t)
 .text._ZN14HardwareSerial18enableHalfDuplexRxEv
                0x08004714       0x2c d:\Sundaya\File JS Pro\Ehub V3\code\EHUB V3 tes board\tesBoard\bin\core\core.a(HardwareSerial.cpp.o)
                0x08004714                HardwareSerial::enableHalfDuplexRx()
 .text._ZN14HardwareSerial5beginEmh
                0x08004740       0x9c d:\Sundaya\File JS Pro\Ehub V3\code\EHUB V3 tes board\tesBoard\bin\core\core.a(HardwareSerial.cpp.o)
                0x08004740                HardwareSerial::begin(unsigned long, unsigned char)
 .text._ZN14HardwareSerial4readEv
                0x080047dc       0x2e d:\Sundaya\File JS Pro\Ehub V3\code\EHUB V3 tes board\tesBoard\bin\core\core.a(HardwareSerial.cpp.o)
                0x080047dc                HardwareSerial::read()
 *fill*         0x0800480a        0x2 
 .text.startup._GLOBAL__sub_I_Serial1
                0x0800480c       0x14 d:\Sundaya\File JS Pro\Ehub V3\code\EHUB V3 tes board\tesBoard\bin\core\core.a(HardwareSerial.cpp.o)
 .text._ZNSt8functionIFvvEEaSEDn.isra.0
                0x08004820       0x18 d:\Sundaya\File JS Pro\Ehub V3\code\EHUB V3 tes board\tesBoard\bin\core\core.a(HardwareTimer.cpp.o)
 .text._Z15get_timer_indexP11TIM_TypeDef
                0x08004838       0x38 d:\Sundaya\File JS Pro\Ehub V3\code\EHUB V3 tes board\tesBoard\bin\core\core.a(HardwareTimer.cpp.o)
                0x08004838                get_timer_index(TIM_TypeDef*)
 .text._ZN13HardwareTimerD2Ev
                0x08004870       0x40 d:\Sundaya\File JS Pro\Ehub V3\code\EHUB V3 tes board\tesBoard\bin\core\core.a(HardwareTimer.cpp.o)
                0x08004870                HardwareTimer::~HardwareTimer()
                0x08004870                HardwareTimer::~HardwareTimer()
 .text._ZN13HardwareTimerC2EP11TIM_TypeDef
                0x080048b0       0xac d:\Sundaya\File JS Pro\Ehub V3\code\EHUB V3 tes board\tesBoard\bin\core\core.a(HardwareTimer.cpp.o)
                0x080048b0                HardwareTimer::HardwareTimer(TIM_TypeDef*)
                0x080048b0                HardwareTimer::HardwareTimer(TIM_TypeDef*)
 .text.TIM1_UP_IRQHandler
                0x0800495c       0x14 d:\Sundaya\File JS Pro\Ehub V3\code\EHUB V3 tes board\tesBoard\bin\core\core.a(HardwareTimer.cpp.o)
                0x0800495c                TIM1_UP_IRQHandler
 .text.TIM1_CC_IRQHandler
                0x08004970        0x4 d:\Sundaya\File JS Pro\Ehub V3\code\EHUB V3 tes board\tesBoard\bin\core\core.a(HardwareTimer.cpp.o)
                0x08004970                TIM1_CC_IRQHandler
 .text.TIM2_IRQHandler
                0x08004974       0x14 d:\Sundaya\File JS Pro\Ehub V3\code\EHUB V3 tes board\tesBoard\bin\core\core.a(HardwareTimer.cpp.o)
                0x08004974                TIM2_IRQHandler
 .text.TIM3_IRQHandler
                0x08004988       0x14 d:\Sundaya\File JS Pro\Ehub V3\code\EHUB V3 tes board\tesBoard\bin\core\core.a(HardwareTimer.cpp.o)
                0x08004988                TIM3_IRQHandler
 .text.TIM4_IRQHandler
                0x0800499c       0x14 d:\Sundaya\File JS Pro\Ehub V3\code\EHUB V3 tes board\tesBoard\bin\core\core.a(HardwareTimer.cpp.o)
                0x0800499c                TIM4_IRQHandler
 .text._ZN13HardwareTimer14updateCallbackEP17TIM_HandleTypeDef
                0x080049b0       0x28 d:\Sundaya\File JS Pro\Ehub V3\code\EHUB V3 tes board\tesBoard\bin\core\core.a(HardwareTimer.cpp.o)
                0x080049b0                HardwareTimer::updateCallback(TIM_HandleTypeDef*)
 .text.HAL_TIM_PeriodElapsedCallback
                0x080049d8        0x4 d:\Sundaya\File JS Pro\Ehub V3\code\EHUB V3 tes board\tesBoard\bin\core\core.a(HardwareTimer.cpp.o)
                0x080049d8                HAL_TIM_PeriodElapsedCallback
 .text._ZN13HardwareTimer22captureCompareCallbackEP17TIM_HandleTypeDef
                0x080049dc       0x50 d:\Sundaya\File JS Pro\Ehub V3\code\EHUB V3 tes board\tesBoard\bin\core\core.a(HardwareTimer.cpp.o)
                0x080049dc                HardwareTimer::captureCompareCallback(TIM_HandleTypeDef*)
 .text.HAL_TIM_OC_DelayElapsedCallback
                0x08004a2c        0x4 d:\Sundaya\File JS Pro\Ehub V3\code\EHUB V3 tes board\tesBoard\bin\core\core.a(HardwareTimer.cpp.o)
                0x08004a2c                HAL_TIM_OC_DelayElapsedCallback
 .text.HAL_TIM_IC_CaptureCallback
                0x08004a30        0x4 d:\Sundaya\File JS Pro\Ehub V3\code\EHUB V3 tes board\tesBoard\bin\core\core.a(HardwareTimer.cpp.o)
                0x08004a30                HAL_TIM_IC_CaptureCallback
 .text._ZN5Print5writeEPKhj
                0x08004a34       0x22 d:\Sundaya\File JS Pro\Ehub V3\code\EHUB V3 tes board\tesBoard\bin\core\core.a(Print.cpp.o)
                0x08004a34                Print::write(unsigned char const*, unsigned int)
 .text._ZN5Print5writeEPKc
                0x08004a56       0x20 d:\Sundaya\File JS Pro\Ehub V3\code\EHUB V3 tes board\tesBoard\bin\core\core.a(Print.cpp.o)
                0x08004a56                Print::write(char const*)
 .text._ZN5Print5printERK6String
                0x08004a76        0xa d:\Sundaya\File JS Pro\Ehub V3\code\EHUB V3 tes board\tesBoard\bin\core\core.a(Print.cpp.o)
                0x08004a76                Print::print(String const&)
 .text._ZN5Print5printEPKc
                0x08004a80        0x8 d:\Sundaya\File JS Pro\Ehub V3\code\EHUB V3 tes board\tesBoard\bin\core\core.a(Print.cpp.o)
                0x08004a80                Print::print(char const*)
 .text._ZN5Print7printlnEv
                0x08004a88       0x10 d:\Sundaya\File JS Pro\Ehub V3\code\EHUB V3 tes board\tesBoard\bin\core\core.a(Print.cpp.o)
                0x08004a88                Print::println()
 .text._ZN5Print7printlnERK6String
                0x08004a98       0x14 d:\Sundaya\File JS Pro\Ehub V3\code\EHUB V3 tes board\tesBoard\bin\core\core.a(Print.cpp.o)
                0x08004a98                Print::println(String const&)
 .text._ZN5Print7printlnEPKc
                0x08004aac       0x14 d:\Sundaya\File JS Pro\Ehub V3\code\EHUB V3 tes board\tesBoard\bin\core\core.a(Print.cpp.o)
                0x08004aac                Print::println(char const*)
 .text._ZN5Print11printNumberEmh
                0x08004ac0       0x3a d:\Sundaya\File JS Pro\Ehub V3\code\EHUB V3 tes board\tesBoard\bin\core\core.a(Print.cpp.o)
                0x08004ac0                Print::printNumber(unsigned long, unsigned char)
 .text._ZN5Print5printEmi
                0x08004afa       0x16 d:\Sundaya\File JS Pro\Ehub V3\code\EHUB V3 tes board\tesBoard\bin\core\core.a(Print.cpp.o)
                0x08004afa                Print::print(unsigned long, int)
 .text._ZN5Print5printEhi
                0x08004b10        0x4 d:\Sundaya\File JS Pro\Ehub V3\code\EHUB V3 tes board\tesBoard\bin\core\core.a(Print.cpp.o)
                0x08004b10                Print::print(unsigned char, int)
 .text._ZN5Print7printlnEmi
                0x08004b14       0x14 d:\Sundaya\File JS Pro\Ehub V3\code\EHUB V3 tes board\tesBoard\bin\core\core.a(Print.cpp.o)
                0x08004b14                Print::println(unsigned long, int)
 .text._ZN6Stream9timedReadEv
                0x08004b28       0x2a d:\Sundaya\File JS Pro\Ehub V3\code\EHUB V3 tes board\tesBoard\bin\core\core.a(Stream.cpp.o)
                0x08004b28                Stream::timedRead()
 .text._ZN6Stream9readBytesEPcj
                0x08004b52       0x22 d:\Sundaya\File JS Pro\Ehub V3\code\EHUB V3 tes board\tesBoard\bin\core\core.a(Stream.cpp.o)
                0x08004b52                Stream::readBytes(char*, unsigned int)
 .text._ZN6Stream14readBytesUntilEcPcj
                0x08004b74       0x30 d:\Sundaya\File JS Pro\Ehub V3\code\EHUB V3 tes board\tesBoard\bin\core\core.a(Stream.cpp.o)
                0x08004b74                Stream::readBytesUntil(char, char*, unsigned int)
 .text._ZN6StringD2Ev
                0x08004ba4        0xe d:\Sundaya\File JS Pro\Ehub V3\code\EHUB V3 tes board\tesBoard\bin\core\core.a(WString.cpp.o)
                0x08004ba4                String::~String()
                0x08004ba4                String::~String()
 .text._ZN6String10invalidateEv
                0x08004bb2       0x16 d:\Sundaya\File JS Pro\Ehub V3\code\EHUB V3 tes board\tesBoard\bin\core\core.a(WString.cpp.o)
                0x08004bb2                String::invalidate()
 .text._ZN6String12changeBufferEj
                0x08004bc8       0x18 d:\Sundaya\File JS Pro\Ehub V3\code\EHUB V3 tes board\tesBoard\bin\core\core.a(WString.cpp.o)
                0x08004bc8                String::changeBuffer(unsigned int)
 .text._ZN6String7reserveEj
                0x08004be0       0x28 d:\Sundaya\File JS Pro\Ehub V3\code\EHUB V3 tes board\tesBoard\bin\core\core.a(WString.cpp.o)
                0x08004be0                String::reserve(unsigned int)
 .text._ZN6String4copyEPKcj
                0x08004c08       0x26 d:\Sundaya\File JS Pro\Ehub V3\code\EHUB V3 tes board\tesBoard\bin\core\core.a(WString.cpp.o)
                0x08004c08                String::copy(char const*, unsigned int)
 .text._ZN6StringC2EPKc
                0x08004c2e       0x24 d:\Sundaya\File JS Pro\Ehub V3\code\EHUB V3 tes board\tesBoard\bin\core\core.a(WString.cpp.o)
                0x08004c2e                String::String(char const*)
                0x08004c2e                String::String(char const*)
 .text._ZN6StringaSEPKc
                0x08004c52       0x22 d:\Sundaya\File JS Pro\Ehub V3\code\EHUB V3 tes board\tesBoard\bin\core\core.a(WString.cpp.o)
                0x08004c52                String::operator=(char const*)
 .text._ZN6StringC2Eih
                0x08004c74       0x24 d:\Sundaya\File JS Pro\Ehub V3\code\EHUB V3 tes board\tesBoard\bin\core\core.a(WString.cpp.o)
                0x08004c74                String::String(int, unsigned char)
                0x08004c74                String::String(int, unsigned char)
 .text._ZN6String6concatEPKcj
                0x08004c98       0x2e d:\Sundaya\File JS Pro\Ehub V3\code\EHUB V3 tes board\tesBoard\bin\core\core.a(WString.cpp.o)
                0x08004c98                String::concat(char const*, unsigned int)
 .text._ZplRK15StringSumHelperRK6String
                0x08004cc6       0x18 d:\Sundaya\File JS Pro\Ehub V3\code\EHUB V3 tes board\tesBoard\bin\core\core.a(WString.cpp.o)
                0x08004cc6                operator+(StringSumHelper const&, String const&)
 .text._ZplRK15StringSumHelperPKc
                0x08004cde       0x28 d:\Sundaya\File JS Pro\Ehub V3\code\EHUB V3 tes board\tesBoard\bin\core\core.a(WString.cpp.o)
                0x08004cde                operator+(StringSumHelper const&, char const*)
 .text.ltoa     0x08004d06       0x78 d:\Sundaya\File JS Pro\Ehub V3\code\EHUB V3 tes board\tesBoard\bin\core\core.a(itoa.c.o)
                0x08004d06                ltoa
 .text.itoa     0x08004d7e        0x4 d:\Sundaya\File JS Pro\Ehub V3\code\EHUB V3 tes board\tesBoard\bin\core\core.a(itoa.c.o)
                0x08004d7e                itoa
 .text.startup._Z7premainv
                0x08004d82       0x10 d:\Sundaya\File JS Pro\Ehub V3\code\EHUB V3 tes board\tesBoard\bin\core\core.a(main.cpp.o)
                0x08004d82                premain()
 .text.startup.main
                0x08004d92       0x14 d:\Sundaya\File JS Pro\Ehub V3\code\EHUB V3 tes board\tesBoard\bin\core\core.a(main.cpp.o)
                0x08004d92                main
 .text._Znwj    0x08004da6        0x4 d:\Sundaya\File JS Pro\Ehub V3\code\EHUB V3 tes board\tesBoard\bin\core\core.a(new.cpp.o)
                0x08004da6                operator new(unsigned int)
 .text._ZdlPvj  0x08004daa        0x4 d:\Sundaya\File JS Pro\Ehub V3\code\EHUB V3 tes board\tesBoard\bin\core\core.a(new.cpp.o)
                0x08004daa                operator delete(void*, unsigned int)
 *fill*         0x08004dae        0x2 
 .text.Reset_Handler
                0x08004db0       0x48 d:\Sundaya\File JS Pro\Ehub V3\code\EHUB V3 tes board\tesBoard\bin\core\core.a(startup_stm32yyxx.S.o)
                0x08004db0                Reset_Handler
 .text.Default_Handler
                0x08004df8        0x2 d:\Sundaya\File JS Pro\Ehub V3\code\EHUB V3 tes board\tesBoard\bin\core\core.a(startup_stm32yyxx.S.o)
                0x08004df8                DebugMon_Handler
                0x08004df8                HardFault_Handler
                0x08004df8                PVD_IRQHandler
                0x08004df8                PendSV_Handler
                0x08004df8                NMI_Handler
                0x08004df8                UsageFault_Handler
                0x08004df8                ADC1_2_IRQHandler
                0x08004df8                SPI1_IRQHandler
                0x08004df8                TAMPER_IRQHandler
                0x08004df8                DMA1_Channel4_IRQHandler
                0x08004df8                RTC_IRQHandler
                0x08004df8                DMA1_Channel7_IRQHandler
                0x08004df8                CAN1_RX1_IRQHandler
                0x08004df8                DMA1_Channel6_IRQHandler
                0x08004df8                RCC_IRQHandler
                0x08004df8                TIM1_TRG_COM_IRQHandler
                0x08004df8                DMA1_Channel1_IRQHandler
                0x08004df8                Default_Handler
                0x08004df8                SPI2_IRQHandler
                0x08004df8                MemManage_Handler
                0x08004df8                SVC_Handler
                0x08004df8                DMA1_Channel5_IRQHandler
                0x08004df8                USB_LP_CAN1_RX0_IRQHandler
                0x08004df8                USB_HP_CAN1_TX_IRQHandler
                0x08004df8                DMA1_Channel3_IRQHandler
                0x08004df8                WWDG_IRQHandler
                0x08004df8                TIM1_BRK_IRQHandler
                0x08004df8                DMA1_Channel2_IRQHandler
                0x08004df8                CAN1_SCE_IRQHandler
                0x08004df8                FLASH_IRQHandler
                0x08004df8                BusFault_Handler
                0x08004df8                USBWakeUp_IRQHandler
 *fill*         0x08004dfa        0x2 
 .text.pinMode  0x08004dfc       0x9c d:\Sundaya\File JS Pro\Ehub V3\code\EHUB V3 tes board\tesBoard\bin\core\core.a(wiring_digital.c.o)
                0x08004dfc                pinMode
 .text.digitalWrite
                0x08004e98       0x48 d:\Sundaya\File JS Pro\Ehub V3\code\EHUB V3 tes board\tesBoard\bin\core\core.a(wiring_digital.c.o)
                0x08004e98                digitalWrite
 .text.digitalRead
                0x08004ee0       0x4c d:\Sundaya\File JS Pro\Ehub V3\code\EHUB V3 tes board\tesBoard\bin\core\core.a(wiring_digital.c.o)
                0x08004ee0                digitalRead
 .text.millis   0x08004f2c        0x4 d:\Sundaya\File JS Pro\Ehub V3\code\EHUB V3 tes board\tesBoard\bin\core\core.a(wiring_time.c.o)
                0x08004f2c                millis
 .text.micros   0x08004f30        0x4 d:\Sundaya\File JS Pro\Ehub V3\code\EHUB V3 tes board\tesBoard\bin\core\core.a(wiring_time.c.o)
                0x08004f30                micros
 .text.delay    0x08004f34       0x1c d:\Sundaya\File JS Pro\Ehub V3\code\EHUB V3 tes board\tesBoard\bin\core\core.a(wiring_time.c.o)
                0x08004f34                delay
 .text._Z14serialEventRunv
                0x08004f50       0x1c d:\Sundaya\File JS Pro\Ehub V3\code\EHUB V3 tes board\tesBoard\bin\core\core.a(WSerial.cpp.o)
                0x08004f50                serialEventRun()
 .text.init     0x08004f6c        0x4 d:\Sundaya\File JS Pro\Ehub V3\code\EHUB V3 tes board\tesBoard\bin\core\core.a(board.c.o)
                0x08004f6c                init
 .text.__empty  0x08004f70        0x2 d:\Sundaya\File JS Pro\Ehub V3\code\EHUB V3 tes board\tesBoard\bin\core\core.a(hooks.c.o)
                0x08004f70                yield
 *fill*         0x08004f72        0x2 
 .text.__libc_init_array
                0x08004f74       0x48 c:/users/sangengon/appdata/local/arduino15/packages/stm32/tools/xpack-arm-none-eabi-gcc/9.2.1-1.1/bin/../lib/gcc/arm-none-eabi/9.2.1/../../../../arm-none-eabi/lib/thumb/v7-m/nofp\libc_nano.a(lib_a-init.o)
                0x08004f74                __libc_init_array
 .text.malloc   0x08004fbc       0x10 c:/users/sangengon/appdata/local/arduino15/packages/stm32/tools/xpack-arm-none-eabi-gcc/9.2.1-1.1/bin/../lib/gcc/arm-none-eabi/9.2.1/../../../../arm-none-eabi/lib/thumb/v7-m/nofp\libc_nano.a(lib_a-malloc.o)
                0x08004fbc                malloc
 .text.free     0x08004fcc       0x10 c:/users/sangengon/appdata/local/arduino15/packages/stm32/tools/xpack-arm-none-eabi-gcc/9.2.1-1.1/bin/../lib/gcc/arm-none-eabi/9.2.1/../../../../arm-none-eabi/lib/thumb/v7-m/nofp\libc_nano.a(lib_a-malloc.o)
                0x08004fcc                free
 .text.memcpy   0x08004fdc       0x1c c:/users/sangengon/appdata/local/arduino15/packages/stm32/tools/xpack-arm-none-eabi-gcc/9.2.1-1.1/bin/../lib/gcc/arm-none-eabi/9.2.1/../../../../arm-none-eabi/lib/thumb/v7-m/nofp\libc_nano.a(lib_a-memcpy-stub.o)
                0x08004fdc                memcpy
 .text.memset   0x08004ff8       0x10 c:/users/sangengon/appdata/local/arduino15/packages/stm32/tools/xpack-arm-none-eabi-gcc/9.2.1-1.1/bin/../lib/gcc/arm-none-eabi/9.2.1/../../../../arm-none-eabi/lib/thumb/v7-m/nofp\libc_nano.a(lib_a-memset.o)
                0x08004ff8                memset
 .text._free_r  0x08005008       0x98 c:/users/sangengon/appdata/local/arduino15/packages/stm32/tools/xpack-arm-none-eabi-gcc/9.2.1-1.1/bin/../lib/gcc/arm-none-eabi/9.2.1/../../../../arm-none-eabi/lib/thumb/v7-m/nofp\libc_nano.a(lib_a-nano-freer.o)
                0x08005008                _free_r
 .text._malloc_r
                0x080050a0       0xb4 c:/users/sangengon/appdata/local/arduino15/packages/stm32/tools/xpack-arm-none-eabi-gcc/9.2.1-1.1/bin/../lib/gcc/arm-none-eabi/9.2.1/../../../../arm-none-eabi/lib/thumb/v7-m/nofp\libc_nano.a(lib_a-nano-mallocr.o)
                0x080050a0                _malloc_r
 .text.realloc  0x08005154       0x10 c:/users/sangengon/appdata/local/arduino15/packages/stm32/tools/xpack-arm-none-eabi-gcc/9.2.1-1.1/bin/../lib/gcc/arm-none-eabi/9.2.1/../../../../arm-none-eabi/lib/thumb/v7-m/nofp\libc_nano.a(lib_a-realloc.o)
                0x08005154                realloc
 .text._sbrk_r  0x08005164       0x20 c:/users/sangengon/appdata/local/arduino15/packages/stm32/tools/xpack-arm-none-eabi-gcc/9.2.1-1.1/bin/../lib/gcc/arm-none-eabi/9.2.1/../../../../arm-none-eabi/lib/thumb/v7-m/nofp\libc_nano.a(lib_a-sbrkr.o)
                0x08005164                _sbrk_r
 .text.strcpy   0x08005184       0x10 c:/users/sangengon/appdata/local/arduino15/packages/stm32/tools/xpack-arm-none-eabi-gcc/9.2.1-1.1/bin/../lib/gcc/arm-none-eabi/9.2.1/../../../../arm-none-eabi/lib/thumb/v7-m/nofp\libc_nano.a(lib_a-strcpy.o)
                0x08005184                strcpy
 .text.__retarget_lock_acquire_recursive
                0x08005194        0x2 c:/users/sangengon/appdata/local/arduino15/packages/stm32/tools/xpack-arm-none-eabi-gcc/9.2.1-1.1/bin/../lib/gcc/arm-none-eabi/9.2.1/../../../../arm-none-eabi/lib/thumb/v7-m/nofp\libc_nano.a(lib_a-lock.o)
                0x08005194                __retarget_lock_acquire_recursive
 .text.__retarget_lock_release_recursive
                0x08005196        0x2 c:/users/sangengon/appdata/local/arduino15/packages/stm32/tools/xpack-arm-none-eabi-gcc/9.2.1-1.1/bin/../lib/gcc/arm-none-eabi/9.2.1/../../../../arm-none-eabi/lib/thumb/v7-m/nofp\libc_nano.a(lib_a-lock.o)
                0x08005196                __retarget_lock_release_recursive